Archive member included because of file (symbol)

c:\Users\Quinn\AppData\Roaming\Code\User\globalStorage\vexrobotics.vexcode\sdk\cpp\IQ2\IQ2_20220726_10_00_00/vexiq2\libviq2rt.a(iq2_startup.c.o)
                              (vexStartup)
c:\Users\Quinn\AppData\Roaming\Code\User\globalStorage\vexrobotics.vexcode\sdk\cpp\IQ2\IQ2_20220726_10_00_00/vexiq2\libviq2rt.a(iq2_apijump.c.o)
                              c:\Users\Quinn\AppData\Roaming\Code\User\globalStorage\vexrobotics.vexcode\sdk\cpp\IQ2\IQ2_20220726_10_00_00/vexiq2\libviq2rt.a(iq2_startup.c.o) (vexTaskAdd)
c:\Users\Quinn\AppData\Roaming\Code\User\globalStorage\vexrobotics.vexcode\sdk\cpp\IQ2\IQ2_20220726_10_00_00/vexiq2\libviq2rt.a(vex_global.cpp.o)
                              build/src/Drive.o (vex::wait(double, vex::timeUnits))
c:\Users\Quinn\AppData\Roaming\Code\User\globalStorage\vexrobotics.vexcode\sdk\cpp\IQ2\IQ2_20220726_10_00_00/vexiq2\libviq2rt.a(vex_color.cpp.o)
                              c:\Users\Quinn\AppData\Roaming\Code\User\globalStorage\vexrobotics.vexcode\sdk\cpp\IQ2\IQ2_20220726_10_00_00/vexiq2\libviq2rt.a(vex_global.cpp.o) (vex::color::red_orange)
c:\Users\Quinn\AppData\Roaming\Code\User\globalStorage\vexrobotics.vexcode\sdk\cpp\IQ2\IQ2_20220726_10_00_00/vexiq2\libviq2rt.a(vex_task.cpp.o)
                              build/src/auton.o (vex::task::task(int (*)()))
c:\Users\Quinn\AppData\Roaming\Code\User\globalStorage\vexrobotics.vexcode\sdk\cpp\IQ2\IQ2_20220726_10_00_00/vexiq2\libviq2rt.a(vex_thread.cpp.o)
                              build/src/main.o (vex::this_thread::sleep_for(unsigned long))
c:\Users\Quinn\AppData\Roaming\Code\User\globalStorage\vexrobotics.vexcode\sdk\cpp\IQ2\IQ2_20220726_10_00_00/vexiq2\libviq2rt.a(vex_brain.cpp.o)
                              build/src/robot-config.o (vex::brain::~brain())
c:\Users\Quinn\AppData\Roaming\Code\User\globalStorage\vexrobotics.vexcode\sdk\cpp\IQ2\IQ2_20220726_10_00_00/vexiq2\libviq2rt.a(vex_timer.cpp.o)
                              c:\Users\Quinn\AppData\Roaming\Code\User\globalStorage\vexrobotics.vexcode\sdk\cpp\IQ2\IQ2_20220726_10_00_00/vexiq2\libviq2rt.a(vex_brain.cpp.o) (vex::timer::~timer())
c:\Users\Quinn\AppData\Roaming\Code\User\globalStorage\vexrobotics.vexcode\sdk\cpp\IQ2\IQ2_20220726_10_00_00/vexiq2\libviq2rt.a(vex_device.cpp.o)
                              build/src/Drive.o (vtable for vex::device)
c:\Users\Quinn\AppData\Roaming\Code\User\globalStorage\vexrobotics.vexcode\sdk\cpp\IQ2\IQ2_20220726_10_00_00/vexiq2\libviq2rt.a(vex_motor.cpp.o)
                              build/src/main.o (vex::motor::~motor())
c:\Users\Quinn\AppData\Roaming\Code\User\globalStorage\vexrobotics.vexcode\sdk\cpp\IQ2\IQ2_20220726_10_00_00/vexiq2\libviq2rt.a(vex_gyro.cpp.o)
                              build/src/main.o (vex::gyro::~gyro())
c:\Users\Quinn\AppData\Roaming\Code\User\globalStorage\vexrobotics.vexcode\sdk\cpp\IQ2\IQ2_20220726_10_00_00/vexiq2\libviq2rt.a(vex_optical.cpp.o)
                              build/src/mechanisms.o (vex::optical::~optical())
c:\Users\Quinn\AppData\Roaming\Code\User\globalStorage\vexrobotics.vexcode\sdk\cpp\IQ2\IQ2_20220726_10_00_00/vexiq2\libviq2rt.a(vex_motorgroup.cpp.o)
                              build/src/mechanisms.o (vex::motor_group::motor_group())
c:\Users\Quinn\AppData\Roaming\Code\User\globalStorage\vexrobotics.vexcode\sdk\cpp\IQ2\IQ2_20220726_10_00_00/vexiq2\libviq2rt.a(vex_controller.cpp.o)
                              build/src/Drive.o (vex::controller::controller())
c:\Users\Quinn\AppData\Roaming\Code\User\globalStorage\vexrobotics.vexcode\sdk\cpp\IQ2\IQ2_20220726_10_00_00/vexiq2\libviq2rt.a(vex_event.cpp.o)
                              c:\Users\Quinn\AppData\Roaming\Code\User\globalStorage\vexrobotics.vexcode\sdk\cpp\IQ2\IQ2_20220726_10_00_00/vexiq2\libviq2rt.a(vex_brain.cpp.o) (vex::event::init(unsigned long, unsigned long, void (*)()))
c:\Users\Quinn\AppData\Roaming\Code\User\globalStorage\vexrobotics.vexcode\sdk\cpp\IQ2\IQ2_20220726_10_00_00/vexiq2/gcc/libs\libc_nano.a(lib_a-aeabi_atexit.o)
                              c:\Users\Quinn\AppData\Roaming\Code\User\globalStorage\vexrobotics.vexcode\sdk\cpp\IQ2\IQ2_20220726_10_00_00/vexiq2\libviq2rt.a(vex_color.cpp.o) (__aeabi_atexit)
c:\Users\Quinn\AppData\Roaming\Code\User\globalStorage\vexrobotics.vexcode\sdk\cpp\IQ2\IQ2_20220726_10_00_00/vexiq2/gcc/libs\libc_nano.a(lib_a-aeabi_memclr.o)
                              build/src/PID.o (__aeabi_memclr4)
c:\Users\Quinn\AppData\Roaming\Code\User\globalStorage\vexrobotics.vexcode\sdk\cpp\IQ2\IQ2_20220726_10_00_00/vexiq2/gcc/libs\libc_nano.a(lib_a-aeabi_memset-soft.o)
                              c:\Users\Quinn\AppData\Roaming\Code\User\globalStorage\vexrobotics.vexcode\sdk\cpp\IQ2\IQ2_20220726_10_00_00/vexiq2/gcc/libs\libc_nano.a(lib_a-aeabi_memclr.o) (__aeabi_memset)
[...]
Memory Configuration

Name             Origin             Length             Attributes
SRAM_1_2_3       0x20010000         0x00018000         xrw
*default*        0x00000000         0xffffffff

Linker script and memory map

                0x00000020                _STACK_SIZE = DEFINED (_STACK_SIZE)?_STACK_SIZE:0x20
                0x00001000                _HEAP_SIZE = DEFINED (_HEAP_SIZE)?_HEAP_SIZE:0x1000

.text           0x20010000     0x4a18
 *(.vectors)
 *(.boot_data)
 .boot_data     0x20010000       0x10 c:\Users\Quinn\AppData\Roaming\Code\User\globalStorage\vexrobotics.vexcode\sdk\cpp\IQ2\IQ2_20220726_10_00_00/vexiq2\libviq2rt.a(iq2_startup.c.o)
                0x20010000                vexCodeSig
                0x00000020                . = 0x20
 *fill*         0x20010010       0x10 
 *(.boot)
 .boot          0x20010020       0x64 c:\Users\Quinn\AppData\Roaming\Code\User\globalStorage\vexrobotics.vexcode\sdk\cpp\IQ2\IQ2_20220726_10_00_00/vexiq2\libviq2rt.a(iq2_startup.c.o)
                0x20010020                vexStartup
                0x200100c0                . = ALIGN (0x40)
 *fill*         0x20010084       0x3c 
 *(.freertos_vectors)
 *(.text)
 .text          0x200100c0       0x9a c:\Users\Quinn\AppData\Roaming\Code\User\globalStorage\vexrobotics.vexcode\sdk\cpp\IQ2\IQ2_20220726_10_00_00/vexiq2/gcc/libs\libc_nano.a(lib_a-aeabi_memset-soft.o)
                0x200100c0                __aeabi_memset8
                0x200100c0                __aeabi_memset4
                0x200100c0                __aeabi_memset
 *fill*         0x2001015a        0x6 
 .text          0x20010160       0xa0 c:\Users\Quinn\AppData\Roaming\Code\User\globalStorage\vexrobotics.vexcode\sdk\cpp\IQ2\IQ2_20220726_10_00_00/vexiq2/gcc/libs\libc_nano.a(lib_a-memchr.o)
                0x20010160                memchr
 .text          0x20010200      0x378 c:\Users\Quinn\AppData\Roaming\Code\User\globalStorage\vexrobotics.vexcode\sdk\cpp\IQ2\IQ2_20220726_10_00_00/vexiq2/gcc/libs\libgcc.a(_arm_addsubdf3.o)
                0x20010200                __aeabi_drsub
                0x20010208                __aeabi_dsub
                0x20010208                __subdf3
                0x2001020c                __aeabi_dadd
                0x2001020c                __adddf3
                0x20010484                __floatunsidf
                0x20010484                __aeabi_ui2d
                0x200104a4                __floatsidf
                0x200104a4                __aeabi_i2d
                0x200104c8                __aeabi_f2d
                0x200104c8                __extendsfdf2
                0x2001050c                __floatundidf
                0x2001050c                __aeabi_ul2d
                0x2001051c                __floatdidf
                0x2001051c                __aeabi_l2d
 .text          0x20010578      0x424 c:\Users\Quinn\AppData\Roaming\Code\User\globalStorage\vexrobotics.vexcode\sdk\cpp\IQ2\IQ2_20220726_10_00_00/vexiq2/gcc/libs\libgcc.a(_arm_muldivdf3.o)
                0x20010578                __aeabi_dmul
                0x20010578                __muldf3
                0x200107cc                __divdf3
                0x200107cc                __aeabi_ddiv
 .text          0x2001099c      0x110 c:\Users\Quinn\AppData\Roaming\Code\User\globalStorage\vexrobotics.vexcode\sdk\cpp\IQ2\IQ2_20220726_10_00_00/vexiq2/gcc/libs\libgcc.a(_arm_cmpdf2.o)
                0x2001099c                __gtdf2
                0x2001099c                __gedf2
                0x200109a4                __ltdf2
                0x200109a4                __ledf2
                0x200109ac                __nedf2
                0x200109ac                __eqdf2
                0x200109ac                __cmpdf2
                0x20010a28                __aeabi_cdrcmple
                0x20010a38                __aeabi_cdcmpeq
                0x20010a38                __aeabi_cdcmple
                0x20010a48                __aeabi_dcmpeq
                0x20010a5c                __aeabi_dcmplt
                0x20010a70                __aeabi_dcmple
                0x20010a84                __aeabi_dcmpge
                0x20010a98                __aeabi_dcmpgt
 .text          0x20010aac       0x50 c:\Users\Quinn\AppData\Roaming\Code\User\globalStorage\vexrobotics.vexcode\sdk\cpp\IQ2\IQ2_20220726_10_00_00/vexiq2/gcc/libs\libgcc.a(_arm_fixdfsi.o)
                0x20010aac                __aeabi_d2iz
                0x20010aac                __fixdfsi
 .text          0x20010afc       0xa0 c:\Users\Quinn\AppData\Roaming\Code\User\globalStorage\vexrobotics.vexcode\sdk\cpp\IQ2\IQ2_20220726_10_00_00/vexiq2/gcc/libs\libgcc.a(_arm_truncdfsf2.o)
                0x20010afc                __truncdfsf2
                0x20010afc                __aeabi_d2f
 *(.text.*)
 *fill*         0x20010b9c        0x4 
 .text._Z6to_radf
                0x20010ba0       0x30 build/src/util.o
                0x20010ba0                to_rad(float)
 .text._ZN3PIDC2Efffffff
                0x20010bd0       0x1e build/src/PID.o
                0x20010bd0                PID::PID(float, float, float, float, float, float, float)
                0x20010bd0                PID::PID(float, float, float, float, float, float, float)
 *fill*         0x20010bee        0x2 
 .text._ZN3PID7computeEf
                0x20010bf0       0xc0 build/src/PID.o
                0x20010bf0                PID::compute(float)
 .text._ZN3PID10is_settledEv
                0x20010cb0       0x38 build/src/PID.o
                0x20010cb0                PID::is_settled()
 .text._ZN5DriveD2Ev
                0x20010ce8       0x1e build/src/main.o
                0x20010ce8                Drive::~Drive()
 *fill*         0x20010d06        0x2 
 .text.main     0x20010d08       0xe8 build/src/main.o
                0x20010d08                main
 .text._GLOBAL__sub_I_main.cpp
                0x20010df0       0x68 build/src/main.o
 .text._Z10auton_odomv
                0x20010e58       0x14 build/src/auton.o
                0x20010e58                auton_odom()
 .text._Z10left_autonv
                0x20010e6c       0x52 build/src/auton.o
                0x20010e6c                left_auton()
 *fill*         0x20010ebe        0x2 
 .text._ZN5DriveC2EiiN3vex4gyroEf
                0x20010ec0       0xa8 build/src/Drive.o
                0x20010ec0                Drive::Drive(int, int, vex::gyro, float)
                0x20010ec0                Drive::Drive(int, int, vex::gyro, float)
 .text._ZN5Drive6SetPIDEfffffff
                0x20010f68        0x8 build/src/Drive.o
                0x20010f68                Drive::SetPID(float, float, float, float, float, float, float)
 .text._ZN5Drive8DriveForEf
                0x20010f70      0x214 build/src/Drive.o
                0x20010f70                Drive::DriveFor(float)
 *fill*         0x20011184        0x4 
 .text._ZN5Drive12clearSensorsEb
                0x20011188       0x60 build/src/Drive.o
                0x20011188                Drive::clearSensors(bool)
 .text._ZN5Drive6updateE12drive_method
                0x200111e8      0x13e build/src/Drive.o
                0x200111e8                Drive::update(drive_method)
 *fill*         0x20011326        0x2 
 .text._ZN5Drive14drive_odometryEv
                0x20011328      0x138 build/src/Drive.o
                0x20011328                Drive::drive_odometry()
 .text._GLOBAL__sub_I_robot_config.cpp
                0x20011460       0x2c build/src/robot-config.o
 .text._ZN4Odom11calculate_xEff
                0x2001148c       0x1e build/src/odom.o
                0x2001148c                Odom::calculate_x(float, float)
 .text._ZN4Odom11calculate_yEff
                0x200114aa       0x1e build/src/odom.o
                0x200114aa                Odom::calculate_y(float, float)
 .text._ZN7outtakeC2Eiibi
                0x200114c8       0x66 build/src/mechanisms.o
                0x200114c8                outtake::outtake(int, int, bool, int)
                0x200114c8                outtake::outtake(int, int, bool, int)
 .text._ZN6intakeD2Ev
                0x2001152e        0x4 build/src/mechanisms.o
                0x2001152e                intake::~intake()
 .text._ZN7outtakeD2Ev
                0x20011532       0x1e build/src/mechanisms.o
                0x20011532                outtake::~outtake()
 .text._Z14controllerInitv
                0x20011550       0x94 build/src/mechanisms.o
                0x20011550                controllerInit()
 .text._Z17buttonLUP_pressedv
                0x200115e4       0x7e build/src/mechanisms.o
                0x200115e4                buttonLUP_pressed()
 .text._Z19buttonLDOWN_pressedv
                0x20011662       0x3a build/src/mechanisms.o
                0x20011662                buttonLDOWN_pressed()
 .text._Z17buttonRUP_pressedv
                0x2001169c       0x2c build/src/mechanisms.o
                0x2001169c                buttonRUP_pressed()
 .text._Z19buttonRDOWN_pressedv
                0x200116c8       0x2c build/src/mechanisms.o
                0x200116c8                buttonRDOWN_pressed()
 .text._Z18buttonLUP_releasedv
                0x200116f4       0x2e build/src/mechanisms.o
                0x200116f4                buttonLUP_released()
 .text._Z17buttonsR_releasedv
                0x20011722       0x2c build/src/mechanisms.o
                0x20011722                buttonsR_released()
 .text._Z17buttonFUP_pressedv
                0x2001174e       0x16 build/src/mechanisms.o
                0x2001174e                buttonFUP_pressed()
 *fill*         0x20011764        0x4 
 .text._GLOBAL__sub_I_mechanisms.cpp
                0x20011768       0xe8 build/src/mechanisms.o
 .text.vexMain  0x20011850       0x60 c:\Users\Quinn\AppData\Roaming\Code\User\globalStorage\vexrobotics.vexcode\sdk\cpp\IQ2\IQ2_20220726_10_00_00/vexiq2\libviq2rt.a(iq2_startup.c.o)
                0x20011850                vexMain
 .text.__vex_function_prolog
                0x200118b0       0x10 c:\Users\Quinn\AppData\Roaming\Code\User\globalStorage\vexrobotics.vexcode\sdk\cpp\IQ2\IQ2_20220726_10_00_00/vexiq2\libviq2rt.a(iq2_startup.c.o)
                0x200118b0                __vex_function_prolog
 .text._init    0x200118c0        0x2 c:\Users\Quinn\AppData\Roaming\Code\User\globalStorage\vexrobotics.vexcode\sdk\cpp\IQ2\IQ2_20220726_10_00_00/vexiq2\libviq2rt.a(iq2_startup.c.o)
                0x200118c0                _init
 *fill*         0x200118c2        0x2 
 .text._sbrk    0x200118c4       0x38 c:\Users\Quinn\AppData\Roaming\Code\User\globalStorage\vexrobotics.vexcode\sdk\cpp\IQ2\IQ2_20220726_10_00_00/vexiq2\libviq2rt.a(iq2_startup.c.o)
                0x200118c4                _sbrk
 .text.__cxa_atexit
                0x200118fc        0x4 c:\Users\Quinn\AppData\Roaming\Code\User\globalStorage\vexrobotics.vexcode\sdk\cpp\IQ2\IQ2_20220726_10_00_00/vexiq2\libviq2rt.a(iq2_startup.c.o)
                0x200118fc                __cxa_atexit
 .text.vexTaskAdd
                0x20011900        0xc c:\Users\Quinn\AppData\Roaming\Code\User\globalStorage\vexrobotics.vexcode\sdk\cpp\IQ2\IQ2_20220726_10_00_00/vexiq2\libviq2rt.a(iq2_apijump.c.o)
                0x20011900                vexTaskAdd
 .text.vexTaskCheckTimeslice
                0x2001190c        0xc c:\Users\Quinn\AppData\Roaming\Code\User\globalStorage\vexrobotics.vexcode\sdk\cpp\IQ2\IQ2_20220726_10_00_00/vexiq2\libviq2rt.a(iq2_apijump.c.o)
                0x2001190c                vexTaskCheckTimeslice
 .text.vexTaskSleep
                0x20011918        0xc c:\Users\Quinn\AppData\Roaming\Code\User\globalStorage\vexrobotics.vexcode\sdk\cpp\IQ2\IQ2_20220726_10_00_00/vexiq2\libviq2rt.a(iq2_apijump.c.o)
                0x20011918                vexTaskSleep
 .text.vexTasksDump
                0x20011924       0x18 c:\Users\Quinn\AppData\Roaming\Code\User\globalStorage\vexrobotics.vexcode\sdk\cpp\IQ2\IQ2_20220726_10_00_00/vexiq2\libviq2rt.a(iq2_apijump.c.o)
                0x20011924                vexTasksDump
 .text.vexTaskGetTaskIndex
                0x2001193c        0xc c:\Users\Quinn\AppData\Roaming\Code\User\globalStorage\vexrobotics.vexcode\sdk\cpp\IQ2\IQ2_20220726_10_00_00/vexiq2\libviq2rt.a(iq2_apijump.c.o)
                0x2001193c                vexTaskGetTaskIndex
 .text.vexTaskCompletionIdSet
                0x20011948        0xc c:\Users\Quinn\AppData\Roaming\Code\User\globalStorage\vexrobotics.vexcode\sdk\cpp\IQ2\IQ2_20220726_10_00_00/vexiq2\libviq2rt.a(iq2_apijump.c.o)
                0x20011948                vexTaskCompletionIdSet
 .text.vexCriticalSection
                0x20011954        0xc c:\Users\Quinn\AppData\Roaming\Code\User\globalStorage\vexrobotics.vexcode\sdk\cpp\IQ2\IQ2_20220726_10_00_00/vexiq2\libviq2rt.a(iq2_apijump.c.o)
                0x20011954                vexCriticalSection
 .text.vexDisplayContextSwitch
                0x20011960        0xc c:\Users\Quinn\AppData\Roaming\Code\User\globalStorage\vexrobotics.vexcode\sdk\cpp\IQ2\IQ2_20220726_10_00_00/vexiq2\libviq2rt.a(iq2_apijump.c.o)
                0x20011960                vexDisplayContextSwitch
 .text.vexEventAdd
                0x2001196c       0x24 c:\Users\Quinn\AppData\Roaming\Code\User\globalStorage\vexrobotics.vexcode\sdk\cpp\IQ2\IQ2_20220726_10_00_00/vexiq2\libviq2rt.a(iq2_apijump.c.o)
                0x2001196c                vexEventAdd
 .text.vexEventUserIndexGet
                0x20011990       0x18 c:\Users\Quinn\AppData\Roaming\Code\User\globalStorage\vexrobotics.vexcode\sdk\cpp\IQ2\IQ2_20220726_10_00_00/vexiq2\libviq2rt.a(iq2_apijump.c.o)
                0x20011990                vexEventUserIndexGet
 .text.vexDebug
                0x200119a8       0x2c c:\Users\Quinn\AppData\Roaming\Code\User\globalStorage\vexrobotics.vexcode\sdk\cpp\IQ2\IQ2_20220726_10_00_00/vexiq2\libviq2rt.a(iq2_apijump.c.o)
                0x200119a8                vexDebug
 .text.vex_sprintf
                0x200119d4       0x30 c:\Users\Quinn\AppData\Roaming\Code\User\globalStorage\vexrobotics.vexcode\sdk\cpp\IQ2\IQ2_20220726_10_00_00/vexiq2\libviq2rt.a(iq2_apijump.c.o)
                0x200119d4                vex_sprintf
 .text.vex_vsnprintf
                0x20011a04       0x2c c:\Users\Quinn\AppData\Roaming\Code\User\globalStorage\vexrobotics.vexcode\sdk\cpp\IQ2\IQ2_20220726_10_00_00/vexiq2\libviq2rt.a(iq2_apijump.c.o)
                0x20011a04                vex_vsnprintf
 .text.vexSystemTimeGet
                0x20011a30       0x18 c:\Users\Quinn\AppData\Roaming\Code\User\globalStorage\vexrobotics.vexcode\sdk\cpp\IQ2\IQ2_20220726_10_00_00/vexiq2\libviq2rt.a(iq2_apijump.c.o)
                0x20011a30                vexSystemTimeGet
 .text._write_user
                0x20011a48       0x28 c:\Users\Quinn\AppData\Roaming\Code\User\globalStorage\vexrobotics.vexcode\sdk\cpp\IQ2\IQ2_20220726_10_00_00/vexiq2\libviq2rt.a(iq2_apijump.c.o)
                0x20011a48                _write_user
 .text._read_user
                0x20011a70       0x28 c:\Users\Quinn\AppData\Roaming\Code\User\globalStorage\vexrobotics.vexcode\sdk\cpp\IQ2\IQ2_20220726_10_00_00/vexiq2\libviq2rt.a(iq2_apijump.c.o)
                0x20011a70                _read_user
 .text._close_user
                0x20011a98       0x14 c:\Users\Quinn\AppData\Roaming\Code\User\globalStorage\vexrobotics.vexcode\sdk\cpp\IQ2\IQ2_20220726_10_00_00/vexiq2\libviq2rt.a(iq2_apijump.c.o)
                0x20011a98                _close_user
 .text._lseek_user
                0x20011aac       0x28 c:\Users\Quinn\AppData\Roaming\Code\User\globalStorage\vexrobotics.vexcode\sdk\cpp\IQ2\IQ2_20220726_10_00_00/vexiq2\libviq2rt.a(iq2_apijump.c.o)
                0x20011aac                _lseek_user
 .text._fstat_user
                0x20011ad4       0x1c c:\Users\Quinn\AppData\Roaming\Code\User\globalStorage\vexrobotics.vexcode\sdk\cpp\IQ2\IQ2_20220726_10_00_00/vexiq2\libviq2rt.a(iq2_apijump.c.o)
                0x20011ad4                _fstat_user
 .text._isatty_user
                0x20011af0       0x18 c:\Users\Quinn\AppData\Roaming\Code\User\globalStorage\vexrobotics.vexcode\sdk\cpp\IQ2\IQ2_20220726_10_00_00/vexiq2\libviq2rt.a(iq2_apijump.c.o)
                0x20011af0                _isatty_user
 .text.vexDeviceGetByIndex
                0x20011b08       0x1c c:\Users\Quinn\AppData\Roaming\Code\User\globalStorage\vexrobotics.vexcode\sdk\cpp\IQ2\IQ2_20220726_10_00_00/vexiq2\libviq2rt.a(iq2_apijump.c.o)
                0x20011b08                vexDeviceGetByIndex
 .text.vexGyroRawDataGet
                0x20011b24       0x20 c:\Users\Quinn\AppData\Roaming\Code\User\globalStorage\vexrobotics.vexcode\sdk\cpp\IQ2\IQ2_20220726_10_00_00/vexiq2\libviq2rt.a(iq2_apijump.c.o)
                0x20011b24                vexGyroRawDataGet
 .text.vexGyroCalibrationStart
                0x20011b44       0x20 c:\Users\Quinn\AppData\Roaming\Code\User\globalStorage\vexrobotics.vexcode\sdk\cpp\IQ2\IQ2_20220726_10_00_00/vexiq2\libviq2rt.a(iq2_apijump.c.o)
                0x20011b44                vexGyroCalibrationStart
 .text.vexGyroCalibrationFlagGet
                0x20011b64       0x1c c:\Users\Quinn\AppData\Roaming\Code\User\globalStorage\vexrobotics.vexcode\sdk\cpp\IQ2\IQ2_20220726_10_00_00/vexiq2\libviq2rt.a(iq2_apijump.c.o)
                0x20011b64                vexGyroCalibrationFlagGet
 .text.vexGyroModeSet
                0x20011b80       0x20 c:\Users\Quinn\AppData\Roaming\Code\User\globalStorage\vexrobotics.vexcode\sdk\cpp\IQ2\IQ2_20220726_10_00_00/vexiq2\libviq2rt.a(iq2_apijump.c.o)
                0x20011b80                vexGyroModeSet
 .text.vexGyroModeGet
                0x20011ba0       0x1c c:\Users\Quinn\AppData\Roaming\Code\User\globalStorage\vexrobotics.vexcode\sdk\cpp\IQ2\IQ2_20220726_10_00_00/vexiq2\libviq2rt.a(iq2_apijump.c.o)
                0x20011ba0                vexGyroModeGet
 .text.vexMotorVelocitySet
                0x20011bbc       0x20 c:\Users\Quinn\AppData\Roaming\Code\User\globalStorage\vexrobotics.vexcode\sdk\cpp\IQ2\IQ2_20220726_10_00_00/vexiq2\libviq2rt.a(iq2_apijump.c.o)
                0x20011bbc                vexMotorVelocitySet
 .text.vexMotorVoltageSet
                0x20011bdc       0x20 c:\Users\Quinn\AppData\Roaming\Code\User\globalStorage\vexrobotics.vexcode\sdk\cpp\IQ2\IQ2_20220726_10_00_00/vexiq2\libviq2rt.a(iq2_apijump.c.o)
                0x20011bdc                vexMotorVoltageSet
 .text.vexMotorActualVelocityGet
                0x20011bfc       0x1c c:\Users\Quinn\AppData\Roaming\Code\User\globalStorage\vexrobotics.vexcode\sdk\cpp\IQ2\IQ2_20220726_10_00_00/vexiq2\libviq2rt.a(iq2_apijump.c.o)
                0x20011bfc                vexMotorActualVelocityGet
 .text.vexMotorReverseFlagSet
                0x20011c18       0x20 c:\Users\Quinn\AppData\Roaming\Code\User\globalStorage\vexrobotics.vexcode\sdk\cpp\IQ2\IQ2_20220726_10_00_00/vexiq2\libviq2rt.a(iq2_apijump.c.o)
                0x20011c18                vexMotorReverseFlagSet
 .text.vexMotorEncoderUnitsSet
                0x20011c38       0x20 c:\Users\Quinn\AppData\Roaming\Code\User\globalStorage\vexrobotics.vexcode\sdk\cpp\IQ2\IQ2_20220726_10_00_00/vexiq2\libviq2rt.a(iq2_apijump.c.o)
                0x20011c38                vexMotorEncoderUnitsSet
 .text.vexMotorBrakeModeSet
                0x20011c58       0x20 c:\Users\Quinn\AppData\Roaming\Code\User\globalStorage\vexrobotics.vexcode\sdk\cpp\IQ2\IQ2_20220726_10_00_00/vexiq2\libviq2rt.a(iq2_apijump.c.o)
                0x20011c58                vexMotorBrakeModeSet
 .text.vexMotorPositionSet
                0x20011c78       0x34 c:\Users\Quinn\AppData\Roaming\Code\User\globalStorage\vexrobotics.vexcode\sdk\cpp\IQ2\IQ2_20220726_10_00_00/vexiq2\libviq2rt.a(iq2_apijump.c.o)
                0x20011c78                vexMotorPositionSet
 .text.vexMotorPositionGet
                0x20011cac       0x1c c:\Users\Quinn\AppData\Roaming\Code\User\globalStorage\vexrobotics.vexcode\sdk\cpp\IQ2\IQ2_20220726_10_00_00/vexiq2\libviq2rt.a(iq2_apijump.c.o)
                0x20011cac                vexMotorPositionGet
 .text.vexOpticalHueGet
                0x20011cc8       0x1c c:\Users\Quinn\AppData\Roaming\Code\User\globalStorage\vexrobotics.vexcode\sdk\cpp\IQ2\IQ2_20220726_10_00_00/vexiq2\libviq2rt.a(iq2_apijump.c.o)
                0x20011cc8                vexOpticalHueGet
 .text.vexOpticalGestureEnable
                0x20011ce4       0x1c c:\Users\Quinn\AppData\Roaming\Code\User\globalStorage\vexrobotics.vexcode\sdk\cpp\IQ2\IQ2_20220726_10_00_00/vexiq2\libviq2rt.a(iq2_apijump.c.o)
                0x20011ce4                vexOpticalGestureEnable
 .text.vexOpticalGestureDisable
                0x20011d00       0x1c c:\Users\Quinn\AppData\Roaming\Code\User\globalStorage\vexrobotics.vexcode\sdk\cpp\IQ2\IQ2_20220726_10_00_00/vexiq2\libviq2rt.a(iq2_apijump.c.o)
                0x20011d00                vexOpticalGestureDisable
 .text.vexOpticalProximityThreshold
                0x20011d1c       0x20 c:\Users\Quinn\AppData\Roaming\Code\User\globalStorage\vexrobotics.vexcode\sdk\cpp\IQ2\IQ2_20220726_10_00_00/vexiq2\libviq2rt.a(iq2_apijump.c.o)
                0x20011d1c                vexOpticalProximityThreshold
 .text.vexDisplayForegroundColor
                0x20011d3c       0x1c c:\Users\Quinn\AppData\Roaming\Code\User\globalStorage\vexrobotics.vexcode\sdk\cpp\IQ2\IQ2_20220726_10_00_00/vexiq2\libviq2rt.a(iq2_apijump.c.o)
                0x20011d3c                vexDisplayForegroundColor
 .text.vexDisplayBackgroundColor
                0x20011d58       0x1c c:\Users\Quinn\AppData\Roaming\Code\User\globalStorage\vexrobotics.vexcode\sdk\cpp\IQ2\IQ2_20220726_10_00_00/vexiq2\libviq2rt.a(iq2_apijump.c.o)
                0x20011d58                vexDisplayBackgroundColor
 .text.vexDisplayVPrintf
                0x20011d74       0x38 c:\Users\Quinn\AppData\Roaming\Code\User\globalStorage\vexrobotics.vexcode\sdk\cpp\IQ2\IQ2_20220726_10_00_00/vexiq2\libviq2rt.a(iq2_apijump.c.o)
                0x20011d74                vexDisplayVPrintf
 .text.vexDisplayTextReference
                0x20011dac       0x1c c:\Users\Quinn\AppData\Roaming\Code\User\globalStorage\vexrobotics.vexcode\sdk\cpp\IQ2\IQ2_20220726_10_00_00/vexiq2\libviq2rt.a(iq2_apijump.c.o)
                0x20011dac                vexDisplayTextReference
 .text.vexDisplayTextSize
                0x20011dc8       0x20 c:\Users\Quinn\AppData\Roaming\Code\User\globalStorage\vexrobotics.vexcode\sdk\cpp\IQ2\IQ2_20220726_10_00_00/vexiq2\libviq2rt.a(iq2_apijump.c.o)
                0x20011dc8                vexDisplayTextSize
 .text.vexDisplayFontNamedSet
                0x20011de8       0x1c c:\Users\Quinn\AppData\Roaming\Code\User\globalStorage\vexrobotics.vexcode\sdk\cpp\IQ2\IQ2_20220726_10_00_00/vexiq2\libviq2rt.a(iq2_apijump.c.o)
                0x20011de8                vexDisplayFontNamedSet
 .text.vexDisplayStringWidthGet
                0x20011e04       0x1c c:\Users\Quinn\AppData\Roaming\Code\User\globalStorage\vexrobotics.vexcode\sdk\cpp\IQ2\IQ2_20220726_10_00_00/vexiq2\libviq2rt.a(iq2_apijump.c.o)
                0x20011e04                vexDisplayStringWidthGet
 .text.vexBatteryCapacityGet
                0x20011e20       0x18 c:\Users\Quinn\AppData\Roaming\Code\User\globalStorage\vexrobotics.vexcode\sdk\cpp\IQ2\IQ2_20220726_10_00_00/vexiq2\libviq2rt.a(iq2_apijump.c.o)
                0x20011e20                vexBatteryCapacityGet
 .text.vexControllerGet
                0x20011e38       0x20 c:\Users\Quinn\AppData\Roaming\Code\User\globalStorage\vexrobotics.vexcode\sdk\cpp\IQ2\IQ2_20220726_10_00_00/vexiq2\libviq2rt.a(iq2_apijump.c.o)
                0x20011e38                vexControllerGet
 .text._ZN3vex4waitEdNS_9timeUnitsE
                0x20011e58       0x3c c:\Users\Quinn\AppData\Roaming\Code\User\globalStorage\vexrobotics.vexcode\sdk\cpp\IQ2\IQ2_20220726_10_00_00/vexiq2\libviq2rt.a(vex_global.cpp.o)
                0x20011e58                vex::wait(double, vex::timeUnits)
 .text._ZN3vex5colorD2Ev
                0x20011e94        0x2 c:\Users\Quinn\AppData\Roaming\Code\User\globalStorage\vexrobotics.vexcode\sdk\cpp\IQ2\IQ2_20220726_10_00_00/vexiq2\libviq2rt.a(vex_color.cpp.o)
                0x20011e94                vex::color::~color()
                0x20011e94                vex::color::~color()
 *fill*         0x20011e96        0x2 
 .text.startup._GLOBAL__sub_I__ZN3vex5color5blackE
                0x20011e98      0x18c c:\Users\Quinn\AppData\Roaming\Code\User\globalStorage\vexrobotics.vexcode\sdk\cpp\IQ2\IQ2_20220726_10_00_00/vexiq2\libviq2rt.a(vex_color.cpp.o)
 .text._ZN3vex4taskC2EPFivE
                0x20012024       0x38 c:\Users\Quinn\AppData\Roaming\Code\User\globalStorage\vexrobotics.vexcode\sdk\cpp\IQ2\IQ2_20220726_10_00_00/vexiq2\libviq2rt.a(vex_task.cpp.o)
                0x20012024                vex::task::task(int (*)())
                0x20012024                vex::task::task(int (*)())
 .text._ZN3vex4taskD2Ev
                0x2001205c        0x2 c:\Users\Quinn\AppData\Roaming\Code\User\globalStorage\vexrobotics.vexcode\sdk\cpp\IQ2\IQ2_20220726_10_00_00/vexiq2\libviq2rt.a(vex_task.cpp.o)
                0x2001205c                vex::task::~task()
                0x2001205c                vex::task::~task()
 .text._ZN3vex11this_thread9sleep_forEm
                0x2001205e        0x4 c:\Users\Quinn\AppData\Roaming\Code\User\globalStorage\vexrobotics.vexcode\sdk\cpp\IQ2\IQ2_20220726_10_00_00/vexiq2\libviq2rt.a(vex_thread.cpp.o)
                0x2001205e                vex::this_thread::sleep_for(unsigned long)
 .text._ZN3vex5brainD2Ev
                0x20012062        0xe c:\Users\Quinn\AppData\Roaming\Code\User\globalStorage\vexrobotics.vexcode\sdk\cpp\IQ2\IQ2_20220726_10_00_00/vexiq2\libviq2rt.a(vex_brain.cpp.o)
                0x20012062                vex::brain::~brain()
                0x20012062                vex::brain::~brain()
 .text._ZN3vex5brain3lcd9setCursorEll
                0x20012070       0x40 c:\Users\Quinn\AppData\Roaming\Code\User\globalStorage\vexrobotics.vexcode\sdk\cpp\IQ2\IQ2_20220726_10_00_00/vexiq2\libviq2rt.a(vex_brain.cpp.o)
                0x20012070                vex::brain::lcd::setCursor(long, long)
 .text._ZN3vex5brain3lcd7setFontENS_8fontTypeE
                0x200120b0      0x144 c:\Users\Quinn\AppData\Roaming\Code\User\globalStorage\vexrobotics.vexcode\sdk\cpp\IQ2\IQ2_20220726_10_00_00/vexiq2\libviq2rt.a(vex_brain.cpp.o)
                0x200120b0                vex::brain::lcd::setFont(vex::fontType)
 .text._ZN3vex5brain3lcdC2Ev
                0x200121f4       0x34 c:\Users\Quinn\AppData\Roaming\Code\User\globalStorage\vexrobotics.vexcode\sdk\cpp\IQ2\IQ2_20220726_10_00_00/vexiq2\libviq2rt.a(vex_brain.cpp.o)
                0x200121f4                vex::brain::lcd::lcd()
                0x200121f4                vex::brain::lcd::lcd()
 .text._ZN3vex5brainC2Ev
                0x20012228       0x32 c:\Users\Quinn\AppData\Roaming\Code\User\globalStorage\vexrobotics.vexcode\sdk\cpp\IQ2\IQ2_20220726_10_00_00/vexiq2\libviq2rt.a(vex_brain.cpp.o)
                0x20012228                vex::brain::brain()
                0x20012228                vex::brain::brain()
 .text._ZN3vex5brain3lcd10rowToPixelEl
                0x2001225a       0x24 c:\Users\Quinn\AppData\Roaming\Code\User\globalStorage\vexrobotics.vexcode\sdk\cpp\IQ2\IQ2_20220726_10_00_00/vexiq2\libviq2rt.a(vex_brain.cpp.o)
                0x2001225a                vex::brain::lcd::rowToPixel(long)
 .text._ZN3vex5brain3lcd5printEPKcz
                0x2001227e       0x7e c:\Users\Quinn\AppData\Roaming\Code\User\globalStorage\vexrobotics.vexcode\sdk\cpp\IQ2\IQ2_20220726_10_00_00/vexiq2\libviq2rt.a(vex_brain.cpp.o)
                0x2001227e                vex::brain::lcd::print(char const*, ...)
 .text._ZN3vex5brain7battery8capacityENS_12percentUnitsE
                0x200122fc       0x12 c:\Users\Quinn\AppData\Roaming\Code\User\globalStorage\vexrobotics.vexcode\sdk\cpp\IQ2\IQ2_20220726_10_00_00/vexiq2\libviq2rt.a(vex_brain.cpp.o)
                0x200122fc                vex::brain::battery::capacity(vex::percentUnits)
 .text._ZN3vex5timerD2Ev
                0x2001230e        0x2 c:\Users\Quinn\AppData\Roaming\Code\User\globalStorage\vexrobotics.vexcode\sdk\cpp\IQ2\IQ2_20220726_10_00_00/vexiq2\libviq2rt.a(vex_timer.cpp.o)
                0x2001230e                vex::timer::~timer()
                0x2001230e                vex::timer::~timer()
 .text._ZN3vex5timer5clearEv
                0x20012310       0x10 c:\Users\Quinn\AppData\Roaming\Code\User\globalStorage\vexrobotics.vexcode\sdk\cpp\IQ2\IQ2_20220726_10_00_00/vexiq2\libviq2rt.a(vex_timer.cpp.o)
                0x20012310                vex::timer::clear()
 .text._ZN3vex5timerC2Ev
                0x20012320        0xc c:\Users\Quinn\AppData\Roaming\Code\User\globalStorage\vexrobotics.vexcode\sdk\cpp\IQ2\IQ2_20220726_10_00_00/vexiq2\libviq2rt.a(vex_timer.cpp.o)
                0x20012320                vex::timer::timer()
                0x20012320                vex::timer::timer()
 .text._ZN3vex6device5valueEv
                0x2001232c        0x4 c:\Users\Quinn\AppData\Roaming\Code\User\globalStorage\vexrobotics.vexcode\sdk\cpp\IQ2\IQ2_20220726_10_00_00/vexiq2\libviq2rt.a(vex_device.cpp.o)
                0x2001232c                vex::device::value()
 .text._ZN3vex6deviceD2Ev
                0x20012330        0x2 c:\Users\Quinn\AppData\Roaming\Code\User\globalStorage\vexrobotics.vexcode\sdk\cpp\IQ2\IQ2_20220726_10_00_00/vexiq2\libviq2rt.a(vex_device.cpp.o)
                0x20012330                vex::device::~device()
                0x20012330                vex::device::~device()
 .text._ZN3vex6device4initEl
                0x20012332       0x22 c:\Users\Quinn\AppData\Roaming\Code\User\globalStorage\vexrobotics.vexcode\sdk\cpp\IQ2\IQ2_20220726_10_00_00/vexiq2\libviq2rt.a(vex_device.cpp.o)
                0x20012332                vex::device::init(long)
 .text._ZN3vex6deviceC2El
                0x20012354       0x14 c:\Users\Quinn\AppData\Roaming\Code\User\globalStorage\vexrobotics.vexcode\sdk\cpp\IQ2\IQ2_20220726_10_00_00/vexiq2\libviq2rt.a(vex_device.cpp.o)
                0x20012354                vex::device::device(long)
                0x20012354                vex::device::device(long)
 .text._ZN3vex6device15setPollIntervalEl
                0x20012368        0x4 c:\Users\Quinn\AppData\Roaming\Code\User\globalStorage\vexrobotics.vexcode\sdk\cpp\IQ2\IQ2_20220726_10_00_00/vexiq2\libviq2rt.a(vex_device.cpp.o)
                0x20012368                vex::device::setPollInterval(long)
 .text._ZN3vex6device9pollValidEb
                0x2001236c       0x26 c:\Users\Quinn\AppData\Roaming\Code\User\globalStorage\vexrobotics.vexcode\sdk\cpp\IQ2\IQ2_20220726_10_00_00/vexiq2\libviq2rt.a(vex_device.cpp.o)
                0x2001236c                vex::device::pollValid(bool)
 .text._ZN3vex6device4typeEv
                0x20012392        0x8 c:\Users\Quinn\AppData\Roaming\Code\User\globalStorage\vexrobotics.vexcode\sdk\cpp\IQ2\IQ2_20220726_10_00_00/vexiq2\libviq2rt.a(vex_device.cpp.o)
                0x20012392                vex::device::type()
 .text._ZN3vex6device9installedEv
                0x2001239a        0xe c:\Users\Quinn\AppData\Roaming\Code\User\globalStorage\vexrobotics.vexcode\sdk\cpp\IQ2\IQ2_20220726_10_00_00/vexiq2\libviq2rt.a(vex_device.cpp.o)
                0x2001239a                vex::device::installed()
 .text._ZN3vex5motor9installedEv
                0x200123a8        0xe c:\Users\Quinn\AppData\Roaming\Code\User\globalStorage\vexrobotics.vexcode\sdk\cpp\IQ2\IQ2_20220726_10_00_00/vexiq2\libviq2rt.a(vex_motor.cpp.o)
                0x200123a8                vex::motor::installed()
 *fill*         0x200123b6        0x2 
 .text._ZN3vex5motorD2Ev
                0x200123b8       0x14 c:\Users\Quinn\AppData\Roaming\Code\User\globalStorage\vexrobotics.vexcode\sdk\cpp\IQ2\IQ2_20220726_10_00_00/vexiq2\libviq2rt.a(vex_motor.cpp.o)
                0x200123b8                vex::motor::~motor()
                0x200123b8                vex::motor::~motor()
 .text._ZN3vex5motor15defaultStoppingENS_9brakeTypeE
                0x200123cc       0x1a c:\Users\Quinn\AppData\Roaming\Code\User\globalStorage\vexrobotics.vexcode\sdk\cpp\IQ2\IQ2_20220726_10_00_00/vexiq2\libviq2rt.a(vex_motor.cpp.o)
                0x200123cc                vex::motor::defaultStopping(vex::brakeType)
 *fill*         0x200123e6        0x2 
 .text._ZN3vex5motorC2El
                0x200123e8       0x60 c:\Users\Quinn\AppData\Roaming\Code\User\globalStorage\vexrobotics.vexcode\sdk\cpp\IQ2\IQ2_20220726_10_00_00/vexiq2\libviq2rt.a(vex_motor.cpp.o)
                0x200123e8                vex::motor::motor(long)
                0x200123e8                vex::motor::motor(long)
 .text._ZN3vex5motorC2Elb
                0x20012448       0x16 c:\Users\Quinn\AppData\Roaming\Code\User\globalStorage\vexrobotics.vexcode\sdk\cpp\IQ2\IQ2_20220726_10_00_00/vexiq2\libviq2rt.a(vex_motor.cpp.o)
                0x20012448                vex::motor::motor(long, bool)
                0x20012448                vex::motor::motor(long, bool)
 *fill*         0x2001245e        0x2 
 .text._ZN3vex5motor4spinENS_13directionTypeEdNS_12voltageUnitsE
                0x20012460       0x30 c:\Users\Quinn\AppData\Roaming\Code\User\globalStorage\vexrobotics.vexcode\sdk\cpp\IQ2\IQ2_20220726_10_00_00/vexiq2\libviq2rt.a(vex_motor.cpp.o)
                0x20012460                vex::motor::spin(vex::directionType, double, vex::voltageUnits)
 .text._ZN3vex5motor4stopENS_9brakeTypeE
                0x20012490       0x1e c:\Users\Quinn\AppData\Roaming\Code\User\globalStorage\vexrobotics.vexcode\sdk\cpp\IQ2\IQ2_20220726_10_00_00/vexiq2\libviq2rt.a(vex_motor.cpp.o)
                0x20012490                vex::motor::stop(vex::brakeType)
 *fill*         0x200124ae        0x2 
 .text._ZN3vex5motor16velocityToScaledEdNS_13velocityUnitsE
                0x200124b0       0x70 c:\Users\Quinn\AppData\Roaming\Code\User\globalStorage\vexrobotics.vexcode\sdk\cpp\IQ2\IQ2_20220726_10_00_00/vexiq2\libviq2rt.a(vex_motor.cpp.o)
                0x200124b0                vex::motor::velocityToScaled(double, vex::velocityUnits)
 .text._ZN3vex5motor8velocityENS_13velocityUnitsE
                0x20012520       0x18 c:\Users\Quinn\AppData\Roaming\Code\User\globalStorage\vexrobotics.vexcode\sdk\cpp\IQ2\IQ2_20220726_10_00_00/vexiq2\libviq2rt.a(vex_motor.cpp.o)
                0x20012520                vex::motor::velocity(vex::velocityUnits)
 .text._ZN3vex5motor5valueEv
                0x20012538       0x12 c:\Users\Quinn\AppData\Roaming\Code\User\globalStorage\vexrobotics.vexcode\sdk\cpp\IQ2\IQ2_20220726_10_00_00/vexiq2\libviq2rt.a(vex_motor.cpp.o)
                0x20012538                vex::motor::value()
 *fill*         0x2001254a        0x6 
 .text._ZN3vex5motor16scaledToVelocityEdNS_13velocityUnitsE
                0x20012550       0x74 c:\Users\Quinn\AppData\Roaming\Code\User\globalStorage\vexrobotics.vexcode\sdk\cpp\IQ2\IQ2_20220726_10_00_00/vexiq2\libviq2rt.a(vex_motor.cpp.o)
                0x20012550                vex::motor::scaledToVelocity(double, vex::velocityUnits)
 .text._ZN3vex5motor4spinENS_13directionTypeEdNS_13velocityUnitsE
                0x200125c4       0x32 c:\Users\Quinn\AppData\Roaming\Code\User\globalStorage\vexrobotics.vexcode\sdk\cpp\IQ2\IQ2_20220726_10_00_00/vexiq2\libviq2rt.a(vex_motor.cpp.o)
                0x200125c4                vex::motor::spin(vex::directionType, double, vex::velocityUnits)
 .text._ZN3vex5motor4spinENS_13directionTypeE
                0x200125f6       0x1e c:\Users\Quinn\AppData\Roaming\Code\User\globalStorage\vexrobotics.vexcode\sdk\cpp\IQ2\IQ2_20220726_10_00_00/vexiq2\libviq2rt.a(vex_motor.cpp.o)
                0x200125f6                vex::motor::spin(vex::directionType)
 .text._ZN3vex5motor11setVelocityEdNS_13velocityUnitsE
                0x20012614       0x54 c:\Users\Quinn\AppData\Roaming\Code\User\globalStorage\vexrobotics.vexcode\sdk\cpp\IQ2\IQ2_20220726_10_00_00/vexiq2\libviq2rt.a(vex_motor.cpp.o)
                0x20012614                vex::motor::setVelocity(double, vex::velocityUnits)
 .text._ZN3vex5motor16setRotationUnitsENS_13rotationUnitsE
                0x20012668       0x12 c:\Users\Quinn\AppData\Roaming\Code\User\globalStorage\vexrobotics.vexcode\sdk\cpp\IQ2\IQ2_20220726_10_00_00/vexiq2\libviq2rt.a(vex_motor.cpp.o)
                0x20012668                vex::motor::setRotationUnits(vex::rotationUnits)
 .text._ZN3vex5motor11setPositionEdNS_13rotationUnitsE
                0x2001267a       0x3e c:\Users\Quinn\AppData\Roaming\Code\User\globalStorage\vexrobotics.vexcode\sdk\cpp\IQ2\IQ2_20220726_10_00_00/vexiq2\libviq2rt.a(vex_motor.cpp.o)
                0x2001267a                vex::motor::setPosition(double, vex::rotationUnits)
 .text._ZN3vex5motor8positionENS_13rotationUnitsE
                0x200126b8       0x3c c:\Users\Quinn\AppData\Roaming\Code\User\globalStorage\vexrobotics.vexcode\sdk\cpp\IQ2\IQ2_20220726_10_00_00/vexiq2\libviq2rt.a(vex_motor.cpp.o)
                0x200126b8                vex::motor::position(vex::rotationUnits)
 .text._ZN3vex4gyro5valueEv
                0x200126f4       0x14 c:\Users\Quinn\AppData\Roaming\Code\User\globalStorage\vexrobotics.vexcode\sdk\cpp\IQ2\IQ2_20220726_10_00_00/vexiq2\libviq2rt.a(vex_gyro.cpp.o)
                0x200126f4                vex::gyro::value()
 .text._ZN3vex4gyroD2Ev
                0x20012708       0x14 c:\Users\Quinn\AppData\Roaming\Code\User\globalStorage\vexrobotics.vexcode\sdk\cpp\IQ2\IQ2_20220726_10_00_00/vexiq2\libviq2rt.a(vex_gyro.cpp.o)
                0x20012708                vex::gyro::~gyro()
                0x20012708                vex::gyro::~gyro()
 .text._ZThn20_N3vex4gyroD1Ev
                0x2001271c        0x8 c:\Users\Quinn\AppData\Roaming\Code\User\globalStorage\vexrobotics.vexcode\sdk\cpp\IQ2\IQ2_20220726_10_00_00/vexiq2\libviq2rt.a(vex_gyro.cpp.o)
                0x2001271c                non-virtual thunk to vex::gyro::~gyro()
 .text._ZN3vex4gyroD0Ev
                0x20012724       0x12 c:\Users\Quinn\AppData\Roaming\Code\User\globalStorage\vexrobotics.vexcode\sdk\cpp\IQ2\IQ2_20220726_10_00_00/vexiq2\libviq2rt.a(vex_gyro.cpp.o)
                0x20012724                vex::gyro::~gyro()
 .text._ZThn20_N3vex4gyroD0Ev
                0x20012736        0x8 c:\Users\Quinn\AppData\Roaming\Code\User\globalStorage\vexrobotics.vexcode\sdk\cpp\IQ2\IQ2_20220726_10_00_00/vexiq2\libviq2rt.a(vex_gyro.cpp.o)
                0x20012736                non-virtual thunk to vex::gyro::~gyro()
 .text._ZN3vex4gyro9installedEv
                0x2001273e        0xe c:\Users\Quinn\AppData\Roaming\Code\User\globalStorage\vexrobotics.vexcode\sdk\cpp\IQ2\IQ2_20220726_10_00_00/vexiq2\libviq2rt.a(vex_gyro.cpp.o)
                0x2001273e                vex::gyro::installed()
 .text._ZN3vex4gyro11getTurnTypeEv
                0x2001274c        0xe c:\Users\Quinn\AppData\Roaming\Code\User\globalStorage\vexrobotics.vexcode\sdk\cpp\IQ2\IQ2_20220726_10_00_00/vexiq2\libviq2rt.a(vex_gyro.cpp.o)
                0x2001274c                vex::gyro::getTurnType()
 .text._ZThn20_N3vex4gyro11getTurnTypeEv
                0x2001275a        0x8 c:\Users\Quinn\AppData\Roaming\Code\User\globalStorage\vexrobotics.vexcode\sdk\cpp\IQ2\IQ2_20220726_10_00_00/vexiq2\libviq2rt.a(vex_gyro.cpp.o)
                0x2001275a                non-virtual thunk to vex::gyro::getTurnType()
 *fill*         0x20012762        0x6 
 .text._ZN3vex4gyro12resetHeadingEv
                0x20012768       0x18 c:\Users\Quinn\AppData\Roaming\Code\User\globalStorage\vexrobotics.vexcode\sdk\cpp\IQ2\IQ2_20220726_10_00_00/vexiq2\libviq2rt.a(vex_gyro.cpp.o)
                0x20012768                vex::gyro::resetHeading()
 .text._ZN3vex4gyro13resetRotationEv
                0x20012780       0x18 c:\Users\Quinn\AppData\Roaming\Code\User\globalStorage\vexrobotics.vexcode\sdk\cpp\IQ2\IQ2_20220726_10_00_00/vexiq2\libviq2rt.a(vex_gyro.cpp.o)
                0x20012780                vex::gyro::resetRotation()
 .text._ZN3vex4gyro11setTurnTypeENS_8turnTypeE
                0x20012798        0xa c:\Users\Quinn\AppData\Roaming\Code\User\globalStorage\vexrobotics.vexcode\sdk\cpp\IQ2\IQ2_20220726_10_00_00/vexiq2\libviq2rt.a(vex_gyro.cpp.o)
                0x20012798                vex::gyro::setTurnType(vex::turnType)
 *fill*         0x200127a2        0x2 
 .text._ZN3vex4gyroC2ElbNS_8turnTypeE
                0x200127a4       0x64 c:\Users\Quinn\AppData\Roaming\Code\User\globalStorage\vexrobotics.vexcode\sdk\cpp\IQ2\IQ2_20220726_10_00_00/vexiq2\libviq2rt.a(vex_gyro.cpp.o)
                0x200127a4                vex::gyro::gyro(long, bool, vex::turnType)
                0x200127a4                vex::gyro::gyro(long, bool, vex::turnType)
 .text._ZN3vex4gyro15getAngleAndRateEv
                0x20012808       0x70 c:\Users\Quinn\AppData\Roaming\Code\User\globalStorage\vexrobotics.vexcode\sdk\cpp\IQ2\IQ2_20220726_10_00_00/vexiq2\libviq2rt.a(vex_gyro.cpp.o)
                0x20012808                vex::gyro::getAngleAndRate()
 .text._ZN3vex4gyro18calibrationFlagGetEv
                0x20012878        0x6 c:\Users\Quinn\AppData\Roaming\Code\User\globalStorage\vexrobotics.vexcode\sdk\cpp\IQ2\IQ2_20220726_10_00_00/vexiq2\libviq2rt.a(vex_gyro.cpp.o)
                0x20012878                vex::gyro::calibrationFlagGet()
 .text._ZN3vex4gyro16startCalibrationENS_19gyroCalibrationTypeEb
                0x2001287e       0x66 c:\Users\Quinn\AppData\Roaming\Code\User\globalStorage\vexrobotics.vexcode\sdk\cpp\IQ2\IQ2_20220726_10_00_00/vexiq2\libviq2rt.a(vex_gyro.cpp.o)
                0x2001287e                vex::gyro::startCalibration(vex::gyroCalibrationType, bool)
 .text._ZN3vex4gyro9calibrateEl
                0x200128e4       0x12 c:\Users\Quinn\AppData\Roaming\Code\User\globalStorage\vexrobotics.vexcode\sdk\cpp\IQ2\IQ2_20220726_10_00_00/vexiq2\libviq2rt.a(vex_gyro.cpp.o)
                0x200128e4                vex::gyro::calibrate(long)
                0x200128f0                non-virtual thunk to vex::gyro::calibrate(long)
 .text._ZN3vex4gyro13isCalibratingEv
                0x200128f6       0x20 c:\Users\Quinn\AppData\Roaming\Code\User\globalStorage\vexrobotics.vexcode\sdk\cpp\IQ2\IQ2_20220726_10_00_00/vexiq2\libviq2rt.a(vex_gyro.cpp.o)
                0x200128f6                vex::gyro::isCalibrating()
 .text._ZThn20_N3vex4gyro13isCalibratingEv
                0x20012916        0x8 c:\Users\Quinn\AppData\Roaming\Code\User\globalStorage\vexrobotics.vexcode\sdk\cpp\IQ2\IQ2_20220726_10_00_00/vexiq2\libviq2rt.a(vex_gyro.cpp.o)
                0x20012916                non-virtual thunk to vex::gyro::isCalibrating()
 *fill*         0x2001291e        0x2 
 .text._ZN3vex4gyro10rawToAngleElNS_13rotationUnitsE
                0x20012920       0x38 c:\Users\Quinn\AppData\Roaming\Code\User\globalStorage\vexrobotics.vexcode\sdk\cpp\IQ2\IQ2_20220726_10_00_00/vexiq2\libviq2rt.a(vex_gyro.cpp.o)
                0x20012920                vex::gyro::rawToAngle(long, vex::rotationUnits)
 .text._ZN3vex4gyro5angleENS_13rotationUnitsE
                0x20012958       0x18 c:\Users\Quinn\AppData\Roaming\Code\User\globalStorage\vexrobotics.vexcode\sdk\cpp\IQ2\IQ2_20220726_10_00_00/vexiq2\libviq2rt.a(vex_gyro.cpp.o)
                0x20012958                vex::gyro::angle(vex::rotationUnits)
 .text._ZThn20_N3vex4gyro5angleENS_13rotationUnitsE
                0x20012970        0x8 c:\Users\Quinn\AppData\Roaming\Code\User\globalStorage\vexrobotics.vexcode\sdk\cpp\IQ2\IQ2_20220726_10_00_00/vexiq2\libviq2rt.a(vex_gyro.cpp.o)
                0x20012970                non-virtual thunk to vex::gyro::angle(vex::rotationUnits)
 .text._ZN3vex4gyro7headingENS_13rotationUnitsE
                0x20012978       0x18 c:\Users\Quinn\AppData\Roaming\Code\User\globalStorage\vexrobotics.vexcode\sdk\cpp\IQ2\IQ2_20220726_10_00_00/vexiq2\libviq2rt.a(vex_gyro.cpp.o)
                0x20012978                vex::gyro::heading(vex::rotationUnits)
 .text._ZThn20_N3vex4gyro7headingENS_13rotationUnitsE
                0x20012990        0x8 c:\Users\Quinn\AppData\Roaming\Code\User\globalStorage\vexrobotics.vexcode\sdk\cpp\IQ2\IQ2_20220726_10_00_00/vexiq2\libviq2rt.a(vex_gyro.cpp.o)
                0x20012990                non-virtual thunk to vex::gyro::heading(vex::rotationUnits)
 .text._ZN3vex4gyro8rotationENS_13rotationUnitsE
                0x20012998       0x18 c:\Users\Quinn\AppData\Roaming\Code\User\globalStorage\vexrobotics.vexcode\sdk\cpp\IQ2\IQ2_20220726_10_00_00/vexiq2\libviq2rt.a(vex_gyro.cpp.o)
                0x20012998                vex::gyro::rotation(vex::rotationUnits)
 .text._ZThn20_N3vex4gyro8rotationENS_13rotationUnitsE
                0x200129b0        0x8 c:\Users\Quinn\AppData\Roaming\Code\User\globalStorage\vexrobotics.vexcode\sdk\cpp\IQ2\IQ2_20220726_10_00_00/vexiq2\libviq2rt.a(vex_gyro.cpp.o)
                0x200129b0                non-virtual thunk to vex::gyro::rotation(vex::rotationUnits)
 .text._ZN3vex4gyro10angleToRawEdNS_13rotationUnitsE
                0x200129b8       0x3c c:\Users\Quinn\AppData\Roaming\Code\User\globalStorage\vexrobotics.vexcode\sdk\cpp\IQ2\IQ2_20220726_10_00_00/vexiq2\libviq2rt.a(vex_gyro.cpp.o)
                0x200129b8                vex::gyro::angleToRaw(double, vex::rotationUnits)
 .text._ZN3vex4gyro10setHeadingEdNS_13rotationUnitsE
                0x200129f4       0x2e c:\Users\Quinn\AppData\Roaming\Code\User\globalStorage\vexrobotics.vexcode\sdk\cpp\IQ2\IQ2_20220726_10_00_00/vexiq2\libviq2rt.a(vex_gyro.cpp.o)
                0x200129f4                vex::gyro::setHeading(double, vex::rotationUnits)
 .text._ZThn20_N3vex4gyro10setHeadingEdNS_13rotationUnitsE
                0x20012a22        0x8 c:\Users\Quinn\AppData\Roaming\Code\User\globalStorage\vexrobotics.vexcode\sdk\cpp\IQ2\IQ2_20220726_10_00_00/vexiq2\libviq2rt.a(vex_gyro.cpp.o)
                0x20012a22                non-virtual thunk to vex::gyro::setHeading(double, vex::rotationUnits)
 .text._ZN3vex4gyro11setRotationEdNS_13rotationUnitsE
                0x20012a2a       0x2c c:\Users\Quinn\AppData\Roaming\Code\User\globalStorage\vexrobotics.vexcode\sdk\cpp\IQ2\IQ2_20220726_10_00_00/vexiq2\libviq2rt.a(vex_gyro.cpp.o)
                0x20012a2a                vex::gyro::setRotation(double, vex::rotationUnits)
 .text._ZThn20_N3vex4gyro11setRotationEdNS_13rotationUnitsE
                0x20012a56        0x8 c:\Users\Quinn\AppData\Roaming\Code\User\globalStorage\vexrobotics.vexcode\sdk\cpp\IQ2\IQ2_20220726_10_00_00/vexiq2\libviq2rt.a(vex_gyro.cpp.o)
                0x20012a56                non-virtual thunk to vex::gyro::setRotation(double, vex::rotationUnits)
 .text._ZN3vex7optical9installedEv
                0x20012a5e       0x10 c:\Users\Quinn\AppData\Roaming\Code\User\globalStorage\vexrobotics.vexcode\sdk\cpp\IQ2\IQ2_20220726_10_00_00/vexiq2\libviq2rt.a(vex_optical.cpp.o)
                0x20012a5e                vex::optical::installed()
 *fill*         0x20012a6e        0x2 
 .text._ZN3vex7opticalD2Ev
                0x20012a70       0x14 c:\Users\Quinn\AppData\Roaming\Code\User\globalStorage\vexrobotics.vexcode\sdk\cpp\IQ2\IQ2_20220726_10_00_00/vexiq2\libviq2rt.a(vex_optical.cpp.o)
                0x20012a70                vex::optical::~optical()
                0x20012a70                vex::optical::~optical()
 .text._ZN3vex7optical3hueEv
                0x20012a84        0x6 c:\Users\Quinn\AppData\Roaming\Code\User\globalStorage\vexrobotics.vexcode\sdk\cpp\IQ2\IQ2_20220726_10_00_00/vexiq2\libviq2rt.a(vex_optical.cpp.o)
                0x20012a84                vex::optical::hue()
 .text._ZN3vex7optical5valueEv
                0x20012a8a       0x10 c:\Users\Quinn\AppData\Roaming\Code\User\globalStorage\vexrobotics.vexcode\sdk\cpp\IQ2\IQ2_20220726_10_00_00/vexiq2\libviq2rt.a(vex_optical.cpp.o)
                0x20012a8a                vex::optical::value()
 .text._ZN3vex7optical13gestureEnableEv
                0x20012a9a        0x6 c:\Users\Quinn\AppData\Roaming\Code\User\globalStorage\vexrobotics.vexcode\sdk\cpp\IQ2\IQ2_20220726_10_00_00/vexiq2\libviq2rt.a(vex_optical.cpp.o)
                0x20012a9a                vex::optical::gestureEnable()
 .text._ZN3vex7optical14gestureDisableEv
                0x20012aa0        0x6 c:\Users\Quinn\AppData\Roaming\Code\User\globalStorage\vexrobotics.vexcode\sdk\cpp\IQ2\IQ2_20220726_10_00_00/vexiq2\libviq2rt.a(vex_optical.cpp.o)
                0x20012aa0                vex::optical::gestureDisable()
 *fill*         0x20012aa6        0x2 
 .text._ZN3vex7opticalC2Elb
                0x20012aa8       0x34 c:\Users\Quinn\AppData\Roaming\Code\User\globalStorage\vexrobotics.vexcode\sdk\cpp\IQ2\IQ2_20220726_10_00_00/vexiq2\libviq2rt.a(vex_optical.cpp.o)
                0x20012aa8                vex::optical::optical(long, bool)
                0x20012aa8                vex::optical::optical(long, bool)
 .text._ZN3vex11motor_group18motor_group_motorsC2Ev
                0x20012adc       0x18 c:\Users\Quinn\AppData\Roaming\Code\User\globalStorage\vexrobotics.vexcode\sdk\cpp\IQ2\IQ2_20220726_10_00_00/vexiq2\libviq2rt.a(vex_motorgroup.cpp.o)
                0x20012adc                vex::motor_group::motor_group_motors::motor_group_motors()
                0x20012adc                vex::motor_group::motor_group_motors::motor_group_motors()
 .text._ZN3vex11motor_groupC2Ev
                0x20012af4       0x14 c:\Users\Quinn\AppData\Roaming\Code\User\globalStorage\vexrobotics.vexcode\sdk\cpp\IQ2\IQ2_20220726_10_00_00/vexiq2\libviq2rt.a(vex_motorgroup.cpp.o)
                0x20012af4                vex::motor_group::motor_group()
                0x20012af4                vex::motor_group::motor_group()
 .text._ZN3vex11motor_groupD2Ev
                0x20012b08        0x2 c:\Users\Quinn\AppData\Roaming\Code\User\globalStorage\vexrobotics.vexcode\sdk\cpp\IQ2\IQ2_20220726_10_00_00/vexiq2\libviq2rt.a(vex_motorgroup.cpp.o)
                0x20012b08                vex::motor_group::~motor_group()
                0x20012b08                vex::motor_group::~motor_group()
 .text._ZN3vex11motor_group9_addMotorERNS_5motorE
                0x20012b0a       0x14 c:\Users\Quinn\AppData\Roaming\Code\User\globalStorage\vexrobotics.vexcode\sdk\cpp\IQ2\IQ2_20220726_10_00_00/vexiq2\libviq2rt.a(vex_motorgroup.cpp.o)
                0x20012b0a                vex::motor_group::_addMotor(vex::motor&)
 .text._ZN3vex11motor_group11setVelocityEdNS_13velocityUnitsE
                0x20012b1e       0x3a c:\Users\Quinn\AppData\Roaming\Code\User\globalStorage\vexrobotics.vexcode\sdk\cpp\IQ2\IQ2_20220726_10_00_00/vexiq2\libviq2rt.a(vex_motorgroup.cpp.o)
                0x20012b1e                vex::motor_group::setVelocity(double, vex::velocityUnits)
 .text._ZN3vex11motor_group4spinENS_13directionTypeE
                0x20012b58       0x22 c:\Users\Quinn\AppData\Roaming\Code\User\globalStorage\vexrobotics.vexcode\sdk\cpp\IQ2\IQ2_20220726_10_00_00/vexiq2\libviq2rt.a(vex_motorgroup.cpp.o)
                0x20012b58                vex::motor_group::spin(vex::directionType)
 .text._ZN3vex11motor_group4stopENS_9brakeTypeE
                0x20012b7a       0x22 c:\Users\Quinn\AppData\Roaming\Code\User\globalStorage\vexrobotics.vexcode\sdk\cpp\IQ2\IQ2_20220726_10_00_00/vexiq2\libviq2rt.a(vex_motorgroup.cpp.o)
                0x20012b7a                vex::motor_group::stop(vex::brakeType)
 .text._ZN3vex10controllerC2Ev
                0x20012b9c       0x5e c:\Users\Quinn\AppData\Roaming\Code\User\globalStorage\vexrobotics.vexcode\sdk\cpp\IQ2\IQ2_20220726_10_00_00/vexiq2\libviq2rt.a(vex_controller.cpp.o)
                0x20012b9c                vex::controller::controller()
                0x20012b9c                vex::controller::controller()
 .text._ZN3vex10controllerD2Ev
                0x20012bfa        0x2 c:\Users\Quinn\AppData\Roaming\Code\User\globalStorage\vexrobotics.vexcode\sdk\cpp\IQ2\IQ2_20220726_10_00_00/vexiq2\libviq2rt.a(vex_controller.cpp.o)
                0x20012bfa                vex::controller::~controller()
                0x20012bfa                vex::controller::~controller()
 .text._ZN3vex10controller5valueE19_IQ_ControllerIndex
                0x20012bfc        0x6 c:\Users\Quinn\AppData\Roaming\Code\User\globalStorage\vexrobotics.vexcode\sdk\cpp\IQ2\IQ2_20220726_10_00_00/vexiq2\libviq2rt.a(vex_controller.cpp.o)
                0x20012bfc                vex::controller::value(_IQ_ControllerIndex)
 .text._ZNK3vex10controller6button7pressedEPFvvE
                0x20012c02       0x76 c:\Users\Quinn\AppData\Roaming\Code\User\globalStorage\vexrobotics.vexcode\sdk\cpp\IQ2\IQ2_20220726_10_00_00/vexiq2\libviq2rt.a(vex_controller.cpp.o)
                0x20012c02                vex::controller::button::pressed(void (*)()) const
 .text._ZNK3vex10controller6button8releasedEPFvvE
                0x20012c78       0x76 c:\Users\Quinn\AppData\Roaming\Code\User\globalStorage\vexrobotics.vexcode\sdk\cpp\IQ2\IQ2_20220726_10_00_00/vexiq2\libviq2rt.a(vex_controller.cpp.o)
                0x20012c78                vex::controller::button::released(void (*)()) const
 .text._ZNK3vex10controller4axis5valueEv
                0x20012cee       0x2a c:\Users\Quinn\AppData\Roaming\Code\User\globalStorage\vexrobotics.vexcode\sdk\cpp\IQ2\IQ2_20220726_10_00_00/vexiq2\libviq2rt.a(vex_controller.cpp.o)
                0x20012cee                vex::controller::axis::value() const
 .text._ZNK3vex10controller4axis8positionENS_12percentUnitsE
                0x20012d18       0x12 c:\Users\Quinn\AppData\Roaming\Code\User\globalStorage\vexrobotics.vexcode\sdk\cpp\IQ2\IQ2_20220726_10_00_00/vexiq2\libviq2rt.a(vex_controller.cpp.o)
                0x20012d18                vex::controller::axis::position(vex::percentUnits) const
 .text._ZN3vex5event4initEmmPFvvE
                0x20012d2a        0x4 c:\Users\Quinn\AppData\Roaming\Code\User\globalStorage\vexrobotics.vexcode\sdk\cpp\IQ2\IQ2_20220726_10_00_00/vexiq2\libviq2rt.a(vex_event.cpp.o)
                0x20012d2a                vex::event::init(unsigned long, unsigned long, void (*)())
 .text._ZN3vex5event9userindexEv
                0x20012d2e        0x4 c:\Users\Quinn\AppData\Roaming\Code\User\globalStorage\vexrobotics.vexcode\sdk\cpp\IQ2\IQ2_20220726_10_00_00/vexiq2\libviq2rt.a(vex_event.cpp.o)
                0x20012d2e                vex::event::userindex()
 .text.__aeabi_atexit
                0x20012d32        0xa c:\Users\Quinn\AppData\Roaming\Code\User\globalStorage\vexrobotics.vexcode\sdk\cpp\IQ2\IQ2_20220726_10_00_00/vexiq2/gcc/libs\libc_nano.a(lib_a-aeabi_atexit.o)
                0x20012d32                __aeabi_atexit
 .text.__aeabi_memclr
                0x20012d3c        0x6 c:\Users\Quinn\AppData\Roaming\Code\User\globalStorage\vexrobotics.vexcode\sdk\cpp\IQ2\IQ2_20220726_10_00_00/vexiq2/gcc/libs\libc_nano.a(lib_a-aeabi_memclr.o)
                0x20012d3c                __aeabi_memclr
                0x20012d3c                __aeabi_memclr4
                0x20012d3c                __aeabi_memclr8
 *fill*         0x20012d42        0x2 
 .text.__sflush_r
                0x20012d44      0x10c c:\Users\Quinn\AppData\Roaming\Code\User\globalStorage\vexrobotics.vexcode\sdk\cpp\IQ2\IQ2_20220726_10_00_00/vexiq2/gcc/libs\libc_nano.a(lib_a-fflush.o)
                0x20012d44                __sflush_r
 .text._fflush_r
                0x20012e50       0x54 c:\Users\Quinn\AppData\Roaming\Code\User\globalStorage\vexrobotics.vexcode\sdk\cpp\IQ2\IQ2_20220726_10_00_00/vexiq2/gcc/libs\libc_nano.a(lib_a-fflush.o)
                0x20012e50                _fflush_r
 .text.std      0x20012ea4       0x48 c:\Users\Quinn\AppData\Roaming\Code\User\globalStorage\vexrobotics.vexcode\sdk\cpp\IQ2\IQ2_20220726_10_00_00/vexiq2/gcc/libs\libc_nano.a(lib_a-findfp.o)
 .text._cleanup_r
                0x20012eec        0xc c:\Users\Quinn\AppData\Roaming\Code\User\globalStorage\vexrobotics.vexcode\sdk\cpp\IQ2\IQ2_20220726_10_00_00/vexiq2/gcc/libs\libc_nano.a(lib_a-findfp.o)
                0x20012eec                _cleanup_r
 .text.__sfmoreglue
                0x20012ef8       0x2c c:\Users\Quinn\AppData\Roaming\Code\User\globalStorage\vexrobotics.vexcode\sdk\cpp\IQ2\IQ2_20220726_10_00_00/vexiq2/gcc/libs\libc_nano.a(lib_a-findfp.o)
                0x20012ef8                __sfmoreglue
 .text.__sinit  0x20012f24       0x60 c:\Users\Quinn\AppData\Roaming\Code\User\globalStorage\vexrobotics.vexcode\sdk\cpp\IQ2\IQ2_20220726_10_00_00/vexiq2/gcc/libs\libc_nano.a(lib_a-findfp.o)
                0x20012f24                __sinit
 .text.__sfp    0x20012f84       0x78 c:\Users\Quinn\AppData\Roaming\Code\User\globalStorage\vexrobotics.vexcode\sdk\cpp\IQ2\IQ2_20220726_10_00_00/vexiq2/gcc/libs\libc_nano.a(lib_a-findfp.o)
                0x20012f84                __sfp
 .text._fwalk_reent
                0x20012ffc       0x3c c:\Users\Quinn\AppData\Roaming\Code\User\globalStorage\vexrobotics.vexcode\sdk\cpp\IQ2\IQ2_20220726_10_00_00/vexiq2/gcc/libs\libc_nano.a(lib_a-fwalk.o)
                0x20012ffc                _fwalk_reent
 .text.__libc_init_array
                0x20013038       0x48 c:\Users\Quinn\AppData\Roaming\Code\User\globalStorage\vexrobotics.vexcode\sdk\cpp\IQ2\IQ2_20220726_10_00_00/vexiq2/gcc/libs\libc_nano.a(lib_a-init.o)
                0x20013038                __libc_init_array
 .text.__swhatbuf_r
                0x20013080       0x48 c:\Users\Quinn\AppData\Roaming\Code\User\globalStorage\vexrobotics.vexcode\sdk\cpp\IQ2\IQ2_20220726_10_00_00/vexiq2/gcc/libs\libc_nano.a(lib_a-makebuf.o)
                0x20013080                __swhatbuf_r
 .text.__smakebuf_r
                0x200130c8       0x80 c:\Users\Quinn\AppData\Roaming\Code\User\globalStorage\vexrobotics.vexcode\sdk\cpp\IQ2\IQ2_20220726_10_00_00/vexiq2/gcc/libs\libc_nano.a(lib_a-makebuf.o)
                0x200130c8                __smakebuf_r
 .text.memset   0x20013148       0x10 c:\Users\Quinn\AppData\Roaming\Code\User\globalStorage\vexrobotics.vexcode\sdk\cpp\IQ2\IQ2_20220726_10_00_00/vexiq2/gcc/libs\libc_nano.a(lib_a-memset.o)
                0x20013148                memset
 .text._free_r  0x20013158       0x9c c:\Users\Quinn\AppData\Roaming\Code\User\globalStorage\vexrobotics.vexcode\sdk\cpp\IQ2\IQ2_20220726_10_00_00/vexiq2/gcc/libs\libc_nano.a(lib_a-nano-freer.o)
                0x20013158                _free_r
 .text._malloc_r
                0x200131f4       0xb4 c:\Users\Quinn\AppData\Roaming\Code\User\globalStorage\vexrobotics.vexcode\sdk\cpp\IQ2\IQ2_20220726_10_00_00/vexiq2/gcc/libs\libc_nano.a(lib_a-nano-mallocr.o)
                0x200131f4                _malloc_r
 .text.printf   0x200132a8       0x30 c:\Users\Quinn\AppData\Roaming\Code\User\globalStorage\vexrobotics.vexcode\sdk\cpp\IQ2\IQ2_20220726_10_00_00/vexiq2/gcc/libs\libc_nano.a(lib_a-printf.o)
                0x200132a8                iprintf
                0x200132a8                printf
 .text._puts_r  0x200132d8       0xb8 c:\Users\Quinn\AppData\Roaming\Code\User\globalStorage\vexrobotics.vexcode\sdk\cpp\IQ2\IQ2_20220726_10_00_00/vexiq2/gcc/libs\libc_nano.a(lib_a-puts.o)
                0x200132d8                _puts_r
 .text.puts     0x20013390       0x10 c:\Users\Quinn\AppData\Roaming\Code\User\globalStorage\vexrobotics.vexcode\sdk\cpp\IQ2\IQ2_20220726_10_00_00/vexiq2/gcc/libs\libc_nano.a(lib_a-puts.o)
                0x20013390                puts
 .text._sbrk_r  0x200133a0       0x20 c:\Users\Quinn\AppData\Roaming\Code\User\globalStorage\vexrobotics.vexcode\sdk\cpp\IQ2\IQ2_20220726_10_00_00/vexiq2/gcc/libs\libc_nano.a(lib_a-sbrkr.o)
                0x200133a0                _sbrk_r
 .text.__sread  0x200133c0       0x22 c:\Users\Quinn\AppData\Roaming\Code\User\globalStorage\vexrobotics.vexcode\sdk\cpp\IQ2\IQ2_20220726_10_00_00/vexiq2/gcc/libs\libc_nano.a(lib_a-stdio.o)
                0x200133c0                __sread
 .text.__swrite
                0x200133e2       0x38 c:\Users\Quinn\AppData\Roaming\Code\User\globalStorage\vexrobotics.vexcode\sdk\cpp\IQ2\IQ2_20220726_10_00_00/vexiq2/gcc/libs\libc_nano.a(lib_a-stdio.o)
                0x200133e2                __swrite
 .text.__sseek  0x2001341a       0x24 c:\Users\Quinn\AppData\Roaming\Code\User\globalStorage\vexrobotics.vexcode\sdk\cpp\IQ2\IQ2_20220726_10_00_00/vexiq2/gcc/libs\libc_nano.a(lib_a-stdio.o)
                0x2001341a                __sseek
 .text.__sclose
                0x2001343e        0x8 c:\Users\Quinn\AppData\Roaming\Code\User\globalStorage\vexrobotics.vexcode\sdk\cpp\IQ2\IQ2_20220726_10_00_00/vexiq2/gcc/libs\libc_nano.a(lib_a-stdio.o)
                0x2001343e                __sclose
 *fill*         0x20013446        0x2 
 .text.__swbuf_r
                0x20013448       0xa4 c:\Users\Quinn\AppData\Roaming\Code\User\globalStorage\vexrobotics.vexcode\sdk\cpp\IQ2\IQ2_20220726_10_00_00/vexiq2/gcc/libs\libc_nano.a(lib_a-wbuf.o)
                0x20013448                __swbuf_r
 .text._write_r
                0x200134ec       0x24 c:\Users\Quinn\AppData\Roaming\Code\User\globalStorage\vexrobotics.vexcode\sdk\cpp\IQ2\IQ2_20220726_10_00_00/vexiq2/gcc/libs\libc_nano.a(lib_a-writer.o)
                0x200134ec                _write_r
 .text.__swsetup_r
                0x20013510       0xdc c:\Users\Quinn\AppData\Roaming\Code\User\globalStorage\vexrobotics.vexcode\sdk\cpp\IQ2\IQ2_20220726_10_00_00/vexiq2/gcc/libs\libc_nano.a(lib_a-wsetup.o)
                0x20013510                __swsetup_r
 .text._close_r
                0x200135ec       0x20 c:\Users\Quinn\AppData\Roaming\Code\User\globalStorage\vexrobotics.vexcode\sdk\cpp\IQ2\IQ2_20220726_10_00_00/vexiq2/gcc/libs\libc_nano.a(lib_a-closer.o)
                0x200135ec                _close_r
 .text._fstat_r
                0x2001360c       0x24 c:\Users\Quinn\AppData\Roaming\Code\User\globalStorage\vexrobotics.vexcode\sdk\cpp\IQ2\IQ2_20220726_10_00_00/vexiq2/gcc/libs\libc_nano.a(lib_a-fstatr.o)
                0x2001360c                _fstat_r
 .text._isatty_r
                0x20013630       0x20 c:\Users\Quinn\AppData\Roaming\Code\User\globalStorage\vexrobotics.vexcode\sdk\cpp\IQ2\IQ2_20220726_10_00_00/vexiq2/gcc/libs\libc_nano.a(lib_a-isattyr.o)
                0x20013630                _isatty_r
 .text._lseek_r
                0x20013650       0x24 c:\Users\Quinn\AppData\Roaming\Code\User\globalStorage\vexrobotics.vexcode\sdk\cpp\IQ2\IQ2_20220726_10_00_00/vexiq2/gcc/libs\libc_nano.a(lib_a-lseekr.o)
                0x20013650                _lseek_r
 .text.__malloc_lock
                0x20013674        0x2 c:\Users\Quinn\AppData\Roaming\Code\User\globalStorage\vexrobotics.vexcode\sdk\cpp\IQ2\IQ2_20220726_10_00_00/vexiq2/gcc/libs\libc_nano.a(lib_a-mlock.o)
                0x20013674                __malloc_lock
 .text.__malloc_unlock
                0x20013676        0x2 c:\Users\Quinn\AppData\Roaming\Code\User\globalStorage\vexrobotics.vexcode\sdk\cpp\IQ2\IQ2_20220726_10_00_00/vexiq2/gcc/libs\libc_nano.a(lib_a-mlock.o)
                0x20013676                __malloc_unlock
 .text.__sfputc_r
                0x20013678       0x2e c:\Users\Quinn\AppData\Roaming\Code\User\globalStorage\vexrobotics.vexcode\sdk\cpp\IQ2\IQ2_20220726_10_00_00/vexiq2/gcc/libs\libc_nano.a(lib_a-nano-vfprintf.o)
 .text.__sfputs_r
                0x200136a6       0x24 c:\Users\Quinn\AppData\Roaming\Code\User\globalStorage\vexrobotics.vexcode\sdk\cpp\IQ2\IQ2_20220726_10_00_00/vexiq2/gcc/libs\libc_nano.a(lib_a-nano-vfprintf.o)
                0x200136a6                __sfputs_r
 *fill*         0x200136ca        0x2 
 .text._vfprintf_r
                0x200136cc      0x22c c:\Users\Quinn\AppData\Roaming\Code\User\globalStorage\vexrobotics.vexcode\sdk\cpp\IQ2\IQ2_20220726_10_00_00/vexiq2/gcc/libs\libc_nano.a(lib_a-nano-vfprintf.o)
                0x200136cc                _vfprintf_r
                0x200136cc                _vfiprintf_r
 .text._printf_common
                0x200138f8       0xea c:\Users\Quinn\AppData\Roaming\Code\User\globalStorage\vexrobotics.vexcode\sdk\cpp\IQ2\IQ2_20220726_10_00_00/vexiq2/gcc/libs\libc_nano.a(lib_a-nano-vfprintf_i.o)
                0x200138f8                _printf_common
 *fill*         0x200139e2        0x2 
 .text._printf_i
                0x200139e4      0x224 c:\Users\Quinn\AppData\Roaming\Code\User\globalStorage\vexrobotics.vexcode\sdk\cpp\IQ2\IQ2_20220726_10_00_00/vexiq2/gcc/libs\libc_nano.a(lib_a-nano-vfprintf_i.o)
                0x200139e4                _printf_i
 .text._read_r  0x20013c08       0x24 c:\Users\Quinn\AppData\Roaming\Code\User\globalStorage\vexrobotics.vexcode\sdk\cpp\IQ2\IQ2_20220726_10_00_00/vexiq2/gcc/libs\libc_nano.a(lib_a-readr.o)
                0x20013c08                _read_r
 .text._ZdlPv   0x20013c2c        0x4 c:\Users\Quinn\AppData\Roaming\Code\User\globalStorage\vexrobotics.vexcode\sdk\cpp\IQ2\IQ2_20220726_10_00_00/vexiq2/gcc/libs\libstdc++_nano.a(del_op.o)
                0x20013c2c                operator delete(void*)
 .text.cosf     0x20013c30       0x90 c:\Users\Quinn\AppData\Roaming\Code\User\globalStorage\vexrobotics.vexcode\sdk\cpp\IQ2\IQ2_20220726_10_00_00/vexiq2/gcc/libs\libm.a(lib_a-sf_cos.o)
                0x20013c30                cosf
 .text.sinf     0x20013cc0       0x94 c:\Users\Quinn\AppData\Roaming\Code\User\globalStorage\vexrobotics.vexcode\sdk\cpp\IQ2\IQ2_20220726_10_00_00/vexiq2/gcc/libs\libm.a(lib_a-sf_sin.o)
                0x20013cc0                sinf
 .text.__ieee754_rem_pio2f
                0x20013d54      0x298 c:\Users\Quinn\AppData\Roaming\Code\User\globalStorage\vexrobotics.vexcode\sdk\cpp\IQ2\IQ2_20220726_10_00_00/vexiq2/gcc/libs\libm.a(lib_a-ef_rem_pio2.o)
                0x20013d54                __ieee754_rem_pio2f
 .text.__kernel_cosf
                0x20013fec      0x104 c:\Users\Quinn\AppData\Roaming\Code\User\globalStorage\vexrobotics.vexcode\sdk\cpp\IQ2\IQ2_20220726_10_00_00/vexiq2/gcc/libs\libm.a(lib_a-kf_cos.o)
                0x20013fec                __kernel_cosf
 .text.__kernel_rem_pio2f
                0x200140f0      0x650 c:\Users\Quinn\AppData\Roaming\Code\User\globalStorage\vexrobotics.vexcode\sdk\cpp\IQ2\IQ2_20220726_10_00_00/vexiq2/gcc/libs\libm.a(lib_a-kf_rem_pio2.o)
                0x200140f0                __kernel_rem_pio2f
 .text.__kernel_sinf
                0x20014740       0x90 c:\Users\Quinn\AppData\Roaming\Code\User\globalStorage\vexrobotics.vexcode\sdk\cpp\IQ2\IQ2_20220726_10_00_00/vexiq2/gcc/libs\libm.a(lib_a-kf_sin.o)
                0x20014740                __kernel_sinf
 .text.fabsf    0x200147d0       0x10 c:\Users\Quinn\AppData\Roaming\Code\User\globalStorage\vexrobotics.vexcode\sdk\cpp\IQ2\IQ2_20220726_10_00_00/vexiq2/gcc/libs\libm.a(lib_a-sf_fabs.o)
                0x200147d0                fabsf
 .text.floorf   0x200147e0       0x8c c:\Users\Quinn\AppData\Roaming\Code\User\globalStorage\vexrobotics.vexcode\sdk\cpp\IQ2\IQ2_20220726_10_00_00/vexiq2/gcc/libs\libm.a(lib_a-sf_floor.o)
                0x200147e0                floorf
 .text.scalbnf  0x2001486c       0xd0 c:\Users\Quinn\AppData\Roaming\Code\User\globalStorage\vexrobotics.vexcode\sdk\cpp\IQ2\IQ2_20220726_10_00_00/vexiq2/gcc/libs\libm.a(lib_a-sf_scalbn.o)
                0x2001486c                scalbnf
 .text.copysignf
                0x2001493c       0x18 c:\Users\Quinn\AppData\Roaming\Code\User\globalStorage\vexrobotics.vexcode\sdk\cpp\IQ2\IQ2_20220726_10_00_00/vexiq2/gcc/libs\libm.a(lib_a-sf_copysign.o)
                0x2001493c                copysignf
 .text.__errno  0x20014954        0xc c:\Users\Quinn\AppData\Roaming\Code\User\globalStorage\vexrobotics.vexcode\sdk\cpp\IQ2\IQ2_20220726_10_00_00/vexiq2\libviq2rt.a(iq2_fstubs.c.o)
                0x20014954                __errno
 .text._fstat   0x20014960       0x1e c:\Users\Quinn\AppData\Roaming\Code\User\globalStorage\vexrobotics.vexcode\sdk\cpp\IQ2\IQ2_20220726_10_00_00/vexiq2\libviq2rt.a(iq2_fstubs.c.o)
                0x20014960                _fstat
 .text._lseek   0x2001497e       0x1c c:\Users\Quinn\AppData\Roaming\Code\User\globalStorage\vexrobotics.vexcode\sdk\cpp\IQ2\IQ2_20220726_10_00_00/vexiq2\libviq2rt.a(iq2_fstubs.c.o)
                0x2001497e                _lseek
 .text._close   0x2001499a       0x14 c:\Users\Quinn\AppData\Roaming\Code\User\globalStorage\vexrobotics.vexcode\sdk\cpp\IQ2\IQ2_20220726_10_00_00/vexiq2\libviq2rt.a(iq2_fstubs.c.o)
                0x2001499a                _close
 .text._read    0x200149ae       0x1c c:\Users\Quinn\AppData\Roaming\Code\User\globalStorage\vexrobotics.vexcode\sdk\cpp\IQ2\IQ2_20220726_10_00_00/vexiq2\libviq2rt.a(iq2_fstubs.c.o)
                0x200149ae                _read
 .text._write   0x200149ca       0x28 c:\Users\Quinn\AppData\Roaming\Code\User\globalStorage\vexrobotics.vexcode\sdk\cpp\IQ2\IQ2_20220726_10_00_00/vexiq2\libviq2rt.a(iq2_fstubs.c.o)
                0x200149ca                _write
 .text._isatty  0x200149f2       0x14 c:\Users\Quinn\AppData\Roaming\Code\User\globalStorage\vexrobotics.vexcode\sdk\cpp\IQ2\IQ2_20220726_10_00_00/vexiq2\libviq2rt.a(iq2_fstubs.c.o)
                0x200149f2                _isatty
 *fill*         0x20014a06        0x2 
 .text.free     0x20014a08       0x10 c:\Users\Quinn\AppData\Roaming\Code\User\globalStorage\vexrobotics.vexcode\sdk\cpp\IQ2\IQ2_20220726_10_00_00/vexiq2/gcc/libs\libc_nano.a(lib_a-malloc.o)
                0x20014a08                free
 *(.gnu.linkonce.t.*)
 *(.plt)
 *(.gnu_warning)
 *(.gcc_except_table)
 *(.glue_7)
 .glue_7        0x00000000        0x0 linker stubs
 *(.glue_7t)
 .glue_7t       0x00000000        0x0 linker stubs
 *(.vfp11_veneer)
 .vfp11_veneer  0x00000000        0x0 linker stubs
 *(.ARM.extab)
 *(.gnu.linkonce.armextab.*)

.v4_bx          0x20014a18        0x0
 .v4_bx         0x00000000        0x0 linker stubs

.iplt           0x20014a18        0x0
 .iplt          0x00000000        0x0 build/src/util.o

.init
 *(.init)

.fini
 *(.fini)

.rodata         0x20014a18      0x6b8
                0x20014a18                __rodata_start = .
 *(.rodata)
 *(.rodata.*)
 .rodata.str1.1
                0x20014a18       0x4b build/src/main.o
 .rodata.str1.1
                0x20014a63       0x23 build/src/auton.o
 .rodata.str1.1
                0x20014a86       0x15 build/src/Drive.o
 .rodata.str1.1
                0x20014a9b       0x9d build/src/mechanisms.o
 .rodata.str1.1
                0x20014b38       0x22 c:\Users\Quinn\AppData\Roaming\Code\User\globalStorage\vexrobotics.vexcode\sdk\cpp\IQ2\IQ2_20220726_10_00_00/vexiq2\libviq2rt.a(iq2_startup.c.o)
 *fill*         0x20014b5a        0x2 
 .rodata._ZN3vex5PORT1E
                0x20014b5c        0x4 c:\Users\Quinn\AppData\Roaming\Code\User\globalStorage\vexrobotics.vexcode\sdk\cpp\IQ2\IQ2_20220726_10_00_00/vexiq2\libviq2rt.a(vex_global.cpp.o)
                0x20014b5c                vex::PORT1
 .rodata._ZN3vex7reverseE
                0x20014b60        0x4 c:\Users\Quinn\AppData\Roaming\Code\User\globalStorage\vexrobotics.vexcode\sdk\cpp\IQ2\IQ2_20220726_10_00_00/vexiq2\libviq2rt.a(vex_global.cpp.o)
                0x20014b60                vex::reverse
 .rodata._ZN3vex5PORT5E
                0x20014b64        0x4 c:\Users\Quinn\AppData\Roaming\Code\User\globalStorage\vexrobotics.vexcode\sdk\cpp\IQ2\IQ2_20220726_10_00_00/vexiq2\libviq2rt.a(vex_global.cpp.o)
                0x20014b64                vex::PORT5
 .rodata._ZN3vex7forwardE
                0x20014b68        0x4 c:\Users\Quinn\AppData\Roaming\Code\User\globalStorage\vexrobotics.vexcode\sdk\cpp\IQ2\IQ2_20220726_10_00_00/vexiq2\libviq2rt.a(vex_global.cpp.o)
                0x20014b68                vex::forward
 .rodata._ZN3vex4msecE
                0x20014b6c        0x4 c:\Users\Quinn\AppData\Roaming\Code\User\globalStorage\vexrobotics.vexcode\sdk\cpp\IQ2\IQ2_20220726_10_00_00/vexiq2\libviq2rt.a(vex_global.cpp.o)
                0x20014b6c                vex::msec
 .rodata._ZN3vex5PORT9E
                0x20014b70        0x4 c:\Users\Quinn\AppData\Roaming\Code\User\globalStorage\vexrobotics.vexcode\sdk\cpp\IQ2\IQ2_20220726_10_00_00/vexiq2\libviq2rt.a(vex_global.cpp.o)
                0x20014b70                vex::PORT9
 .rodata._ZN3vex6PORT11E
                0x20014b74        0x4 c:\Users\Quinn\AppData\Roaming\Code\User\globalStorage\vexrobotics.vexcode\sdk\cpp\IQ2\IQ2_20220726_10_00_00/vexiq2\libviq2rt.a(vex_global.cpp.o)
                0x20014b74                vex::PORT11
 .rodata._ZN3vex5PORT6E
                0x20014b78        0x4 c:\Users\Quinn\AppData\Roaming\Code\User\globalStorage\vexrobotics.vexcode\sdk\cpp\IQ2\IQ2_20220726_10_00_00/vexiq2\libviq2rt.a(vex_global.cpp.o)
                0x20014b78                vex::PORT6
 .rodata._ZN3vex3degE
                0x20014b7c        0x4 c:\Users\Quinn\AppData\Roaming\Code\User\globalStorage\vexrobotics.vexcode\sdk\cpp\IQ2\IQ2_20220726_10_00_00/vexiq2\libviq2rt.a(vex_global.cpp.o)
                0x20014b7c                vex::deg
 .rodata._ZN3vex7percentE
                0x20014b80        0x4 c:\Users\Quinn\AppData\Roaming\Code\User\globalStorage\vexrobotics.vexcode\sdk\cpp\IQ2\IQ2_20220726_10_00_00/vexiq2\libviq2rt.a(vex_global.cpp.o)
                0x20014b80                vex::percent
 .rodata._ZN3vex4holdE
                0x20014b84        0x4 c:\Users\Quinn\AppData\Roaming\Code\User\globalStorage\vexrobotics.vexcode\sdk\cpp\IQ2\IQ2_20220726_10_00_00/vexiq2\libviq2rt.a(vex_global.cpp.o)
                0x20014b84                vex::hold
 .rodata._ZN3vex6PORT12E
                0x20014b88        0x4 c:\Users\Quinn\AppData\Roaming\Code\User\globalStorage\vexrobotics.vexcode\sdk\cpp\IQ2\IQ2_20220726_10_00_00/vexiq2\libviq2rt.a(vex_global.cpp.o)
                0x20014b88                vex::PORT12
 .rodata._ZN3vex4voltE
                0x20014b8c        0x4 c:\Users\Quinn\AppData\Roaming\Code\User\globalStorage\vexrobotics.vexcode\sdk\cpp\IQ2\IQ2_20220726_10_00_00/vexiq2\libviq2rt.a(vex_global.cpp.o)
                0x20014b8c                vex::volt
 .rodata._ZN3vex5coastE
                0x20014b90        0x4 c:\Users\Quinn\AppData\Roaming\Code\User\globalStorage\vexrobotics.vexcode\sdk\cpp\IQ2\IQ2_20220726_10_00_00/vexiq2\libviq2rt.a(vex_global.cpp.o)
                0x20014b90                vex::coast
 .rodata._ZN3vex5PORT4E
                0x20014b94        0x4 c:\Users\Quinn\AppData\Roaming\Code\User\globalStorage\vexrobotics.vexcode\sdk\cpp\IQ2\IQ2_20220726_10_00_00/vexiq2\libviq2rt.a(vex_global.cpp.o)
                0x20014b94                vex::PORT4
 .rodata.str1.1
                0x20014b98       0x14 c:\Users\Quinn\AppData\Roaming\Code\User\globalStorage\vexrobotics.vexcode\sdk\cpp\IQ2\IQ2_20220726_10_00_00/vexiq2\libviq2rt.a(vex_task.cpp.o)
 .rodata.str1.1
                0x20014bac       0x1e c:\Users\Quinn\AppData\Roaming\Code\User\globalStorage\vexrobotics.vexcode\sdk\cpp\IQ2\IQ2_20220726_10_00_00/vexiq2\libviq2rt.a(vex_brain.cpp.o)
                                 0x20 (size before relaxing)
 *fill*         0x20014bca        0x6 
 .rodata._ZTVN3vex6deviceE
                0x20014bd0       0x10 c:\Users\Quinn\AppData\Roaming\Code\User\globalStorage\vexrobotics.vexcode\sdk\cpp\IQ2\IQ2_20220726_10_00_00/vexiq2\libviq2rt.a(vex_device.cpp.o)
                0x20014bd0                vtable for vex::device
 .rodata._ZTVN3vex5motorE
                0x20014be0       0x10 c:\Users\Quinn\AppData\Roaming\Code\User\globalStorage\vexrobotics.vexcode\sdk\cpp\IQ2\IQ2_20220726_10_00_00/vexiq2\libviq2rt.a(vex_motor.cpp.o)
                0x20014be0                vtable for vex::motor
 .rodata._ZTVN3vex4gyroE
                0x20014bf0       0x68 c:\Users\Quinn\AppData\Roaming\Code\User\globalStorage\vexrobotics.vexcode\sdk\cpp\IQ2\IQ2_20220726_10_00_00/vexiq2\libviq2rt.a(vex_gyro.cpp.o)
                0x20014bf0                vtable for vex::gyro
 .rodata._ZTVN3vex7opticalE
                0x20014c58       0x10 c:\Users\Quinn\AppData\Roaming\Code\User\globalStorage\vexrobotics.vexcode\sdk\cpp\IQ2\IQ2_20220726_10_00_00/vexiq2\libviq2rt.a(vex_optical.cpp.o)
                0x20014c58                vtable for vex::optical
 .rodata.__sf_fake_stderr
                0x20014c68       0x20 c:\Users\Quinn\AppData\Roaming\Code\User\globalStorage\vexrobotics.vexcode\sdk\cpp\IQ2\IQ2_20220726_10_00_00/vexiq2/gcc/libs\libc_nano.a(lib_a-findfp.o)
                0x20014c68                __sf_fake_stderr
 .rodata.__sf_fake_stdin
                0x20014c88       0x20 c:\Users\Quinn\AppData\Roaming\Code\User\globalStorage\vexrobotics.vexcode\sdk\cpp\IQ2\IQ2_20220726_10_00_00/vexiq2/gcc/libs\libc_nano.a(lib_a-findfp.o)
                0x20014c88                __sf_fake_stdin
 .rodata.__sf_fake_stdout
                0x20014ca8       0x20 c:\Users\Quinn\AppData\Roaming\Code\User\globalStorage\vexrobotics.vexcode\sdk\cpp\IQ2\IQ2_20220726_10_00_00/vexiq2/gcc/libs\libc_nano.a(lib_a-findfp.o)
                0x20014ca8                __sf_fake_stdout
 .rodata._global_impure_ptr
                0x20014cc8        0x4 c:\Users\Quinn\AppData\Roaming\Code\User\globalStorage\vexrobotics.vexcode\sdk\cpp\IQ2\IQ2_20220726_10_00_00/vexiq2/gcc/libs\libc_nano.a(lib_a-impure.o)
                0x20014cc8                _global_impure_ptr
 .rodata._vfprintf_r.str1.1
                0x20014ccc       0x11 c:\Users\Quinn\AppData\Roaming\Code\User\globalStorage\vexrobotics.vexcode\sdk\cpp\IQ2\IQ2_20220726_10_00_00/vexiq2/gcc/libs\libc_nano.a(lib_a-nano-vfprintf.o)
 .rodata._printf_i.str1.1
                0x20014cdd       0x22 c:\Users\Quinn\AppData\Roaming\Code\User\globalStorage\vexrobotics.vexcode\sdk\cpp\IQ2\IQ2_20220726_10_00_00/vexiq2/gcc/libs\libc_nano.a(lib_a-nano-vfprintf_i.o)
 *fill*         0x20014cff        0x1 
 .rodata.npio2_hw
                0x20014d00       0x80 c:\Users\Quinn\AppData\Roaming\Code\User\globalStorage\vexrobotics.vexcode\sdk\cpp\IQ2\IQ2_20220726_10_00_00/vexiq2/gcc/libs\libm.a(lib_a-ef_rem_pio2.o)
 .rodata.two_over_pi
                0x20014d80      0x318 c:\Users\Quinn\AppData\Roaming\Code\User\globalStorage\vexrobotics.vexcode\sdk\cpp\IQ2\IQ2_20220726_10_00_00/vexiq2/gcc/libs\libm.a(lib_a-ef_rem_pio2.o)
 .rodata.PIo2   0x20015098       0x2c c:\Users\Quinn\AppData\Roaming\Code\User\globalStorage\vexrobotics.vexcode\sdk\cpp\IQ2\IQ2_20220726_10_00_00/vexiq2/gcc/libs\libm.a(lib_a-kf_rem_pio2.o)
 .rodata.init_jk
                0x200150c4        0xc c:\Users\Quinn\AppData\Roaming\Code\User\globalStorage\vexrobotics.vexcode\sdk\cpp\IQ2\IQ2_20220726_10_00_00/vexiq2/gcc/libs\libm.a(lib_a-kf_rem_pio2.o)
 *(.gnu.linkonce.r.*)
                0x200150d0                __rodata_end = .

.rodata1        0x200150d0        0x0
                0x200150d0                __rodata1_start = .
 *(.rodata1)
 *(.rodata1.*)
                0x200150d0                __rodata1_end = .

.sdata2         0x200150d0        0x0
                0x200150d0                __sdata2_start = .
 *(.sdata2)
 *(.sdata2.*)
 *(.gnu.linkonce.s2.*)
                0x200150d0                __sdata2_end = .

.sbss2          0x200150d0        0x0
                0x200150d0                __sbss2_start = .
 *(.sbss2)
 *(.sbss2.*)
 *(.gnu.linkonce.sb2.*)
                0x200150d0                __sbss2_end = .

.data           0x200150d0       0x70
                0x200150d0                __data_start = .
                0x200150d0                __data_load = .
 *(.data)
 *(.data.*)
 .data.drivemethod
                0x200150d0        0x4 build/src/robot-config.o
                0x200150d0                drivemethod
 .data.__yoff   0x200150d4        0x4 c:\Users\Quinn\AppData\Roaming\Code\User\globalStorage\vexrobotics.vexcode\sdk\cpp\IQ2\IQ2_20220726_10_00_00/vexiq2\libviq2rt.a(iq2_apijump.c.o)
 .data._ZN3vex24__default_motor_velocityE
                0x200150d8        0x4 c:\Users\Quinn\AppData\Roaming\Code\User\globalStorage\vexrobotics.vexcode\sdk\cpp\IQ2\IQ2_20220726_10_00_00/vexiq2\libviq2rt.a(vex_motor.cpp.o)
                0x200150d8                vex::__default_motor_velocity
 .data._impure_ptr
                0x200150dc        0x4 c:\Users\Quinn\AppData\Roaming\Code\User\globalStorage\vexrobotics.vexcode\sdk\cpp\IQ2\IQ2_20220726_10_00_00/vexiq2/gcc/libs\libc_nano.a(lib_a-impure.o)
                0x200150dc                _impure_ptr
 .data.impure_data
                0x200150e0       0x60 c:\Users\Quinn\AppData\Roaming\Code\User\globalStorage\vexrobotics.vexcode\sdk\cpp\IQ2\IQ2_20220726_10_00_00/vexiq2/gcc/libs\libc_nano.a(lib_a-impure.o)
 *(.gnu.linkonce.d.*)
 *(.jcr)
 *(.got)
 *(.got.plt)
                0x20015140                __data_end = .

.igot.plt       0x20015140        0x0
 .igot.plt      0x00000000        0x0 build/src/util.o

.data1          0x20015140        0x0
                0x20015140                __data1_start = .
                0x20015140                __data1_load = .
 *(.data1)
 *(.data1.*)
                0x20015140                __data1_end = .

.got
 *(.got)

.ctors          0x20015140        0x0
                0x20015140                __CTOR_LIST__ = .
                0x20015140                ___CTORS_LIST___ = .
 *crtbegin.o(.ctors)
 *(EXCLUDE_FILE(*crtend.o) .ctors)
 *(SORT(.ctors.*))
 *(.ctors)
                0x20015140                __CTOR_END__ = .
                0x20015140                ___CTORS_END___ = .

.dtors          0x20015140        0x0
                0x20015140                __DTOR_LIST__ = .
                0x20015140                ___DTORS_LIST___ = .
 *crtbegin.o(.dtors)
 *(EXCLUDE_FILE(*crtend.o) .dtors)
 *(SORT(.dtors.*))
 *(.dtors)
                0x20015140                __DTOR_END__ = .
                0x20015140                ___DTORS_END___ = .

.fixup          0x20015140        0x0
                0x20015140                __fixup_start = .
 *(.fixup)
                0x20015140                __fixup_end = .

.eh_frame
 *(.eh_frame)

.eh_framehdr    0x20015140        0x0
                0x20015140                __eh_framehdr_start = .
 *(.eh_framehdr)
                0x20015140                __eh_framehdr_end = .

.gcc_except_table
 *(.gcc_except_table)

.mmu_tbl        0x20018000        0x0
                0x20018000                __mmu_tbl_start = .
 *(.mmu_tbl)
                0x20018000                __mmu_tbl_end = .

.ARM.exidx      0x20015140        0x8
                0x20015140                __exidx_start = .
 *(.ARM.exidx*)
 .ARM.exidx.text._Z6to_radf
                0x20015140        0x8 build/src/util.o
 .ARM.exidx.text._ZN3PIDC2Efffffff
                0x20015148        0x0 build/src/PID.o
                                  0x8 (size before relaxing)
 .ARM.exidx.text._ZN3PID7computeEf
                0x20015148        0x0 build/src/PID.o
                                  0x8 (size before relaxing)
 .ARM.exidx.text._ZN3PID10is_settledEv
                0x20015148        0x0 build/src/PID.o
                                  0x8 (size before relaxing)
 .ARM.exidx.text._ZN5DriveD2Ev
                0x20015148        0x0 build/src/main.o
                                  0x8 (size before relaxing)
 .ARM.exidx.text.main
                0x20015148        0x0 build/src/main.o
                                  0x8 (size before relaxing)
 .ARM.exidx.text._GLOBAL__sub_I_main.cpp
                0x20015148        0x0 build/src/main.o
                                  0x8 (size before relaxing)
 .ARM.exidx.text._Z10auton_odomv
                0x20015148        0x0 build/src/auton.o
                                  0x8 (size before relaxing)
 .ARM.exidx.text._Z10left_autonv
                0x20015148        0x0 build/src/auton.o
                                  0x8 (size before relaxing)
 .ARM.exidx.text._ZN5DriveC2EiiN3vex4gyroEf
                0x20015148        0x0 build/src/Drive.o
                                  0x8 (size before relaxing)
 .ARM.exidx.text._ZN5Drive6SetPIDEfffffff
                0x20015148        0x0 build/src/Drive.o
                                  0x8 (size before relaxing)
 .ARM.exidx.text._ZN5Drive8DriveForEf
                0x20015148        0x0 build/src/Drive.o
                                  0x8 (size before relaxing)
 .ARM.exidx.text._ZN5Drive12clearSensorsEb
                0x20015148        0x0 build/src/Drive.o
                                  0x8 (size before relaxing)
 .ARM.exidx.text._ZN5Drive6updateE12drive_method
                0x20015148        0x0 build/src/Drive.o
                                  0x8 (size before relaxing)
 .ARM.exidx.text._ZN5Drive14drive_odometryEv
                0x20015148        0x0 build/src/Drive.o
                                  0x8 (size before relaxing)
 .ARM.exidx.text._GLOBAL__sub_I_robot_config.cpp
                0x20015148        0x0 build/src/robot-config.o
                                  0x8 (size before relaxing)
 .ARM.exidx.text._ZN4Odom11calculate_xEff
                0x20015148        0x0 build/src/odom.o
                                  0x8 (size before relaxing)
 .ARM.exidx.text._ZN4Odom11calculate_yEff
                0x20015148        0x0 build/src/odom.o
                                  0x8 (size before relaxing)
 .ARM.exidx.text._ZN7outtakeC2Eiibi
                0x20015148        0x0 build/src/mechanisms.o
                                  0x8 (size before relaxing)
 .ARM.exidx.text._ZN6intakeD2Ev
                0x20015148        0x0 build/src/mechanisms.o
                                  0x8 (size before relaxing)
 .ARM.exidx.text._ZN7outtakeD2Ev
                0x20015148        0x0 build/src/mechanisms.o
                                  0x8 (size before relaxing)
 .ARM.exidx.text._Z14controllerInitv
                0x20015148        0x0 build/src/mechanisms.o
                                  0x8 (size before relaxing)
 .ARM.exidx.text._Z17buttonLUP_pressedv
                0x20015148        0x0 build/src/mechanisms.o
                                  0x8 (size before relaxing)
 .ARM.exidx.text._Z19buttonLDOWN_pressedv
                0x20015148        0x0 build/src/mechanisms.o
                                  0x8 (size before relaxing)
 .ARM.exidx.text._Z17buttonRUP_pressedv
                0x20015148        0x0 build/src/mechanisms.o
                                  0x8 (size before relaxing)
 .ARM.exidx.text._Z19buttonRDOWN_pressedv
                0x20015148        0x0 build/src/mechanisms.o
                                  0x8 (size before relaxing)
 .ARM.exidx.text._Z18buttonLUP_releasedv
                0x20015148        0x0 build/src/mechanisms.o
                                  0x8 (size before relaxing)
 .ARM.exidx.text._Z17buttonsR_releasedv
                0x20015148        0x0 build/src/mechanisms.o
                                  0x8 (size before relaxing)
 .ARM.exidx.text._Z17buttonFUP_pressedv
                0x20015148        0x0 build/src/mechanisms.o
                                  0x8 (size before relaxing)
 .ARM.exidx.text._GLOBAL__sub_I_mechanisms.cpp
                0x20015148        0x0 build/src/mechanisms.o
                                  0x8 (size before relaxing)
 *(.gnu.linkonce.armexidix.*.*)
                0x20015148                __exidx_end = .

.rel.dyn        0x20015148        0x0
 .rel.iplt      0x00000000        0x0 build/src/util.o

.preinit_array  0x20015148        0x0
                0x20015148                __preinit_array_start = .
 *(SORT(.preinit_array.*))
 *(.preinit_array)
                0x20015148                __preinit_array_end = .

.init_array     0x20015148       0x10
                0x20015148                __init_array_start = .
 *(SORT(.init_array.*))
 *(.init_array)
 .init_array    0x20015148        0x4 build/src/main.o
 .init_array    0x2001514c        0x4 build/src/robot-config.o
 .init_array    0x20015150        0x4 build/src/mechanisms.o
 .init_array    0x20015154        0x4 c:\Users\Quinn\AppData\Roaming\Code\User\globalStorage\vexrobotics.vexcode\sdk\cpp\IQ2\IQ2_20220726_10_00_00/vexiq2\libviq2rt.a(vex_color.cpp.o)
                0x20015158                __init_array_end = .

.fini_array     0x20015158        0x0
                0x20015158                __fini_array_start = .
 *(SORT(.fini_array.*))
 *(.fini_array)
                0x20015158                __fini_array_end = .

.ARM.attributes
                0x20015158       0x3d
                0x20015158                __ARM.attributes_start = .
 *(.ARM.attributes)
 .ARM.attributes
                0x20015158       0x49 build/src/util.o
 .ARM.attributes
                0x200151a1       0x49 build/src/PID.o
 .ARM.attributes
                0x200151ea       0x49 build/src/main.o
 .ARM.attributes
                0x20015233       0x49 build/src/auton.o
 .ARM.attributes
                0x2001527c       0x49 build/src/Drive.o
 .ARM.attributes
                0x200152c5       0x49 build/src/robot-config.o
 .ARM.attributes
                0x2001530e       0x49 build/src/odom.o
 .ARM.attributes
                0x20015357       0x49 build/src/mechanisms.o
 .ARM.attributes
                0x200153a0       0x39 c:\Users\Quinn\AppData\Roaming\Code\User\globalStorage\vexrobotics.vexcode\sdk\cpp\IQ2\IQ2_20220726_10_00_00/vexiq2\libviq2rt.a(iq2_startup.c.o)
 .ARM.attributes
                0x200153d9       0x39 c:\Users\Quinn\AppData\Roaming\Code\User\globalStorage\vexrobotics.vexcode\sdk\cpp\IQ2\IQ2_20220726_10_00_00/vexiq2\libviq2rt.a(iq2_apijump.c.o)
 .ARM.attributes
                0x20015412       0x39 c:\Users\Quinn\AppData\Roaming\Code\User\globalStorage\vexrobotics.vexcode\sdk\cpp\IQ2\IQ2_20220726_10_00_00/vexiq2\libviq2rt.a(vex_global.cpp.o)
 .ARM.attributes
                0x2001544b       0x39 c:\Users\Quinn\AppData\Roaming\Code\User\globalStorage\vexrobotics.vexcode\sdk\cpp\IQ2\IQ2_20220726_10_00_00/vexiq2\libviq2rt.a(vex_color.cpp.o)
 .ARM.attributes
                0x20015484       0x39 c:\Users\Quinn\AppData\Roaming\Code\User\globalStorage\vexrobotics.vexcode\sdk\cpp\IQ2\IQ2_20220726_10_00_00/vexiq2\libviq2rt.a(vex_task.cpp.o)
 .ARM.attributes
                0x200154bd       0x39 c:\Users\Quinn\AppData\Roaming\Code\User\globalStorage\vexrobotics.vexcode\sdk\cpp\IQ2\IQ2_20220726_10_00_00/vexiq2\libviq2rt.a(vex_thread.cpp.o)
 .ARM.attributes
                0x200154f6       0x39 c:\Users\Quinn\AppData\Roaming\Code\User\globalStorage\vexrobotics.vexcode\sdk\cpp\IQ2\IQ2_20220726_10_00_00/vexiq2\libviq2rt.a(vex_brain.cpp.o)
 .ARM.attributes
                0x2001552f       0x39 c:\Users\Quinn\AppData\Roaming\Code\User\globalStorage\vexrobotics.vexcode\sdk\cpp\IQ2\IQ2_20220726_10_00_00/vexiq2\libviq2rt.a(vex_timer.cpp.o)
 .ARM.attributes
                0x20015568       0x39 c:\Users\Quinn\AppData\Roaming\Code\User\globalStorage\vexrobotics.vexcode\sdk\cpp\IQ2\IQ2_20220726_10_00_00/vexiq2\libviq2rt.a(vex_device.cpp.o)
 .ARM.attributes
                0x200155a1       0x39 c:\Users\Quinn\AppData\Roaming\Code\User\globalStorage\vexrobotics.vexcode\sdk\cpp\IQ2\IQ2_20220726_10_00_00/vexiq2\libviq2rt.a(vex_motor.cpp.o)
 .ARM.attributes
                0x200155da       0x39 c:\Users\Quinn\AppData\Roaming\Code\User\globalStorage\vexrobotics.vexcode\sdk\cpp\IQ2\IQ2_20220726_10_00_00/vexiq2\libviq2rt.a(vex_gyro.cpp.o)
 .ARM.attributes
                0x20015613       0x39 c:\Users\Quinn\AppData\Roaming\Code\User\globalStorage\vexrobotics.vexcode\sdk\cpp\IQ2\IQ2_20220726_10_00_00/vexiq2\libviq2rt.a(vex_optical.cpp.o)
 .ARM.attributes
                0x2001564c       0x39 c:\Users\Quinn\AppData\Roaming\Code\User\globalStorage\vexrobotics.vexcode\sdk\cpp\IQ2\IQ2_20220726_10_00_00/vexiq2\libviq2rt.a(vex_motorgroup.cpp.o)
 .ARM.attributes
                0x20015685       0x39 c:\Users\Quinn\AppData\Roaming\Code\User\globalStorage\vexrobotics.vexcode\sdk\cpp\IQ2\IQ2_20220726_10_00_00/vexiq2\libviq2rt.a(vex_controller.cpp.o)
 .ARM.attributes
                0x200156be       0x39 c:\Users\Quinn\AppData\Roaming\Code\User\globalStorage\vexrobotics.vexcode\sdk\cpp\IQ2\IQ2_20220726_10_00_00/vexiq2\libviq2rt.a(vex_event.cpp.o)
 .ARM.attributes
                0x200156f7       0x34 c:\Users\Quinn\AppData\Roaming\Code\User\globalStorage\vexrobotics.vexcode\sdk\cpp\IQ2\IQ2_20220726_10_00_00/vexiq2/gcc/libs\libc_nano.a(lib_a-aeabi_atexit.o)
 .ARM.attributes
                0x2001572b       0x34 c:\Users\Quinn\AppData\Roaming\Code\User\globalStorage\vexrobotics.vexcode\sdk\cpp\IQ2\IQ2_20220726_10_00_00/vexiq2/gcc/libs\libc_nano.a(lib_a-aeabi_memclr.o)
 .ARM.attributes
                0x2001575f       0x20 c:\Users\Quinn\AppData\Roaming\Code\User\globalStorage\vexrobotics.vexcode\sdk\cpp\IQ2\IQ2_20220726_10_00_00/vexiq2/gcc/libs\libc_nano.a(lib_a-aeabi_memset-soft.o)
 .ARM.attributes
                0x2001577f       0x34 c:\Users\Quinn\AppData\Roaming\Code\User\globalStorage\vexrobotics.vexcode\sdk\cpp\IQ2\IQ2_20220726_10_00_00/vexiq2/gcc/libs\libc_nano.a(lib_a-fflush.o)
 .ARM.attributes
                0x200157b3       0x34 c:\Users\Quinn\AppData\Roaming\Code\User\globalStorage\vexrobotics.vexcode\sdk\cpp\IQ2\IQ2_20220726_10_00_00/vexiq2/gcc/libs\libc_nano.a(lib_a-findfp.o)
 .ARM.attributes
                0x200157e7       0x34 c:\Users\Quinn\AppData\Roaming\Code\User\globalStorage\vexrobotics.vexcode\sdk\cpp\IQ2\IQ2_20220726_10_00_00/vexiq2/gcc/libs\libc_nano.a(lib_a-fwalk.o)
 .ARM.attributes
                0x2001581b       0x34 c:\Users\Quinn\AppData\Roaming\Code\User\globalStorage\vexrobotics.vexcode\sdk\cpp\IQ2\IQ2_20220726_10_00_00/vexiq2/gcc/libs\libc_nano.a(lib_a-impure.o)
 .ARM.attributes
                0x2001584f       0x34 c:\Users\Quinn\AppData\Roaming\Code\User\globalStorage\vexrobotics.vexcode\sdk\cpp\IQ2\IQ2_20220726_10_00_00/vexiq2/gcc/libs\libc_nano.a(lib_a-init.o)
 .ARM.attributes